Archive member included to satisfy reference by file (symbol)

c:/program files (x86)/atollic/truestudio for stm32 9.0.0/armtools/bin/../lib/gcc/arm-atollic-eabi/6.3.1/../../../../arm-atollic-eabi/lib/armv7-m\libc_nano.a(lib_a-init.o)
                              src\startup_stm32f10x_md.o (__libc_init_array)
c:/program files (x86)/atollic/truestudio for stm32 9.0.0/armtools/bin/../lib/gcc/arm-atollic-eabi/6.3.1/../../../../arm-atollic-eabi/lib/armv7-m\libc_nano.a(lib_a-malloc.o)
                              src\myTasks\TaskMBParser.o (malloc)
c:/program files (x86)/atollic/truestudio for stm32 9.0.0/armtools/bin/../lib/gcc/arm-atollic-eabi/6.3.1/../../../../arm-atollic-eabi/lib/armv7-m\libc_nano.a(lib_a-memcpy-stub.o)
                              src\freertos\queue.o (memcpy)
c:/program files (x86)/atollic/truestudio for stm32 9.0.0/armtools/bin/../lib/gcc/arm-atollic-eabi/6.3.1/../../../../arm-atollic-eabi/lib/armv7-m\libc_nano.a(lib_a-memset.o)
                              src\freertos\stream_buffer.o (memset)
c:/program files (x86)/atollic/truestudio for stm32 9.0.0/armtools/bin/../lib/gcc/arm-atollic-eabi/6.3.1/../../../../arm-atollic-eabi/lib/armv7-m\libc_nano.a(lib_a-nano-freer.o)
                              c:/program files (x86)/atollic/truestudio for stm32 9.0.0/armtools/bin/../lib/gcc/arm-atollic-eabi/6.3.1/../../../../arm-atollic-eabi/lib/armv7-m\libc_nano.a(lib_a-malloc.o) (_free_r)
c:/program files (x86)/atollic/truestudio for stm32 9.0.0/armtools/bin/../lib/gcc/arm-atollic-eabi/6.3.1/../../../../arm-atollic-eabi/lib/armv7-m\libc_nano.a(lib_a-nano-mallocr.o)
                              c:/program files (x86)/atollic/truestudio for stm32 9.0.0/armtools/bin/../lib/gcc/arm-atollic-eabi/6.3.1/../../../../arm-atollic-eabi/lib/armv7-m\libc_nano.a(lib_a-malloc.o) (_malloc_r)
c:/program files (x86)/atollic/truestudio for stm32 9.0.0/armtools/bin/../lib/gcc/arm-atollic-eabi/6.3.1/../../../../arm-atollic-eabi/lib/armv7-m\libc_nano.a(lib_a-sbrkr.o)
                              c:/program files (x86)/atollic/truestudio for stm32 9.0.0/armtools/bin/../lib/gcc/arm-atollic-eabi/6.3.1/../../../../arm-atollic-eabi/lib/armv7-m\libc_nano.a(lib_a-nano-mallocr.o) (_sbrk_r)
c:/program files (x86)/atollic/truestudio for stm32 9.0.0/armtools/bin/../lib/gcc/arm-atollic-eabi/6.3.1/../../../../arm-atollic-eabi/lib/armv7-m\libc_nano.a(lib_a-strlen.o)
                              src\tiny_printf.o (strlen)
c:/program files (x86)/atollic/truestudio for stm32 9.0.0/armtools/bin/../lib/gcc/arm-atollic-eabi/6.3.1/../../../../arm-atollic-eabi/lib/armv7-m\libc_nano.a(lib_a-impure.o)
                              c:/program files (x86)/atollic/truestudio for stm32 9.0.0/armtools/bin/../lib/gcc/arm-atollic-eabi/6.3.1/../../../../arm-atollic-eabi/lib/armv7-m\libc_nano.a(lib_a-malloc.o) (_impure_ptr)
c:/program files (x86)/atollic/truestudio for stm32 9.0.0/armtools/bin/../lib/gcc/arm-atollic-eabi/6.3.1/../../../../arm-atollic-eabi/lib/armv7-m\libc_nano.a(lib_a-mlock.o)
                              c:/program files (x86)/atollic/truestudio for stm32 9.0.0/armtools/bin/../lib/gcc/arm-atollic-eabi/6.3.1/../../../../arm-atollic-eabi/lib/armv7-m\libc_nano.a(lib_a-nano-freer.o) (__malloc_lock)
c:/program files (x86)/atollic/truestudio for stm32 9.0.0/armtools/bin/../lib/gcc/arm-atollic-eabi/6.3.1/../../../../arm-atollic-eabi/lib/armv7-m\libc_nano.a(lib_a-reent.o)
                              c:/program files (x86)/atollic/truestudio for stm32 9.0.0/armtools/bin/../lib/gcc/arm-atollic-eabi/6.3.1/../../../../arm-atollic-eabi/lib/armv7-m\libc_nano.a(lib_a-sbrkr.o) (errno)
c:/program files (x86)/atollic/truestudio for stm32 9.0.0/armtools/bin/../lib/gcc/arm-atollic-eabi/6.3.1/../../../../arm-atollic-eabi/lib/armv7-m\libnosys.a(sbrk.o)
                              c:/program files (x86)/atollic/truestudio for stm32 9.0.0/armtools/bin/../lib/gcc/arm-atollic-eabi/6.3.1/../../../../arm-atollic-eabi/lib/armv7-m\libc_nano.a(lib_a-sbrkr.o) (_sbrk)
c:/program files (x86)/atollic/truestudio for stm32 9.0.0/armtools/bin/../lib/gcc/arm-atollic-eabi/6.3.1/../../../../arm-atollic-eabi/lib/armv7-m\libnosys.a(write.o)
                              src\tiny_printf.o (_write)

Allocating common symbols
Common symbol       size              file

Socket0RXStreamStruct
                    0x20              src\main.o
errno               0x4               c:/program files (x86)/atollic/truestudio for stm32 9.0.0/armtools/bin/../lib/gcc/arm-atollic-eabi/6.3.1/../../../../arm-atollic-eabi/lib/armv7-m\libc_nano.a(lib_a-reent.o)
W5500CB             0x68              src\main.o
SPIWriteStreamHandle
                    0x4               src\main.o
Socket0RXStreamHandle
                    0x4               src\main.o
SPIReadStreamHandle
                    0x4               src\main.o
Socket0RXStreamStorage
                    0x65              src\main.o
W5500Conf           0x14              src\main.o

Discarded input sections

[...]
Memory Configuration

Name             Origin             Length             Attributes
FLASH            0x08000000         0x00020000         xr
RAM              0x20000000         0x00005000         xrw
MEMORY_B1        0x60000000         0x00000000         xr
*default*        0x00000000         0xffffffff

Linker script and memory map

LOAD c:/program files (x86)/atollic/truestudio for stm32 9.0.0/armtools/bin/../lib/gcc/arm-atollic-eabi/6.3.1/armv7-m/crti.o
LOAD c:/program files (x86)/atollic/truestudio for stm32 9.0.0/armtools/bin/../lib/gcc/arm-atollic-eabi/6.3.1/armv7-m/crtbegin.o
LOAD Libraries\STM32F10x_StdPeriph_Driver\src\misc.o
LOAD Libraries\STM32F10x_StdPeriph_Driver\src\stm32f10x_adc.o
LOAD Libraries\STM32F10x_StdPeriph_Driver\src\stm32f10x_bkp.o
LOAD Libraries\STM32F10x_StdPeriph_Driver\src\stm32f10x_can.o
LOAD Libraries\STM32F10x_StdPeriph_Driver\src\stm32f10x_cec.o
LOAD Libraries\STM32F10x_StdPeriph_Driver\src\stm32f10x_crc.o
LOAD Libraries\STM32F10x_StdPeriph_Driver\src\stm32f10x_dac.o
LOAD Libraries\STM32F10x_StdPeriph_Driver\src\stm32f10x_dbgmcu.o
LOAD Libraries\STM32F10x_StdPeriph_Driver\src\stm32f10x_dma.o
LOAD Libraries\STM32F10x_StdPeriph_Driver\src\stm32f10x_exti.o
LOAD Libraries\STM32F10x_StdPeriph_Driver\src\stm32f10x_flash.o
LOAD Libraries\STM32F10x_StdPeriph_Driver\src\stm32f10x_fsmc.o
LOAD Libraries\STM32F10x_StdPeriph_Driver\src\stm32f10x_gpio.o
LOAD Libraries\STM32F10x_StdPeriph_Driver\src\stm32f10x_i2c.o
LOAD Libraries\STM32F10x_StdPeriph_Driver\src\stm32f10x_iwdg.o
LOAD Libraries\STM32F10x_StdPeriph_Driver\src\stm32f10x_pwr.o
LOAD Libraries\STM32F10x_StdPeriph_Driver\src\stm32f10x_rcc.o
LOAD Libraries\STM32F10x_StdPeriph_Driver\src\stm32f10x_rtc.o
LOAD Libraries\STM32F10x_StdPeriph_Driver\src\stm32f10x_sdio.o
LOAD Libraries\STM32F10x_StdPeriph_Driver\src\stm32f10x_spi.o
LOAD Libraries\STM32F10x_StdPeriph_Driver\src\stm32f10x_tim.o
LOAD Libraries\STM32F10x_StdPeriph_Driver\src\stm32f10x_usart.o
LOAD Libraries\STM32F10x_StdPeriph_Driver\src\stm32f10x_wwdg.o
LOAD src\custom_init.o
LOAD src\freertos\ARM_CM3\port.o
LOAD src\freertos\MemMang\heap_1.o
LOAD src\freertos\croutine.o
LOAD src\freertos\event_groups.o
LOAD src\freertos\list.o
LOAD src\freertos\queue.o
LOAD src\freertos\stream_buffer.o
LOAD src\freertos\tasks.o
LOAD src\freertos\timers.o
LOAD src\main.o
LOAD src\myTasks\TaskMBParser.o
LOAD src\myTasks\TaskW5500.o
LOAD src\myTasks\_TaskSPITxRx.o
LOAD src\startup_stm32f10x_md.o
LOAD src\stm32f1xx_it.o
LOAD src\system_stm32f10x.o
LOAD src\tiny_printf.o
LOAD src\utils\w5500_spi.o
                0x00000080                malloc_getpagesize_P = 0x80
START GROUP
LOAD c:/program files (x86)/atollic/truestudio for stm32 9.0.0/armtools/bin/../lib/gcc/arm-atollic-eabi/6.3.1/../../../../arm-atollic-eabi/lib/armv7-m\libc_nano.a
LOAD c:/program files (x86)/atollic/truestudio for stm32 9.0.0/armtools/bin/../lib/gcc/arm-atollic-eabi/6.3.1/../../../../arm-atollic-eabi/lib/armv7-m\libm.a
END GROUP
START GROUP
LOAD c:/program files (x86)/atollic/truestudio for stm32 9.0.0/armtools/bin/../lib/gcc/arm-atollic-eabi/6.3.1/armv7-m\libgcc.a
LOAD c:/program files (x86)/atollic/truestudio for stm32 9.0.0/armtools/bin/../lib/gcc/arm-atollic-eabi/6.3.1/../../../../arm-atollic-eabi/lib/armv7-m\libc_nano.a
END GROUP
START GROUP
LOAD c:/program files (x86)/atollic/truestudio for stm32 9.0.0/armtools/bin/../lib/gcc/arm-atollic-eabi/6.3.1/armv7-m\libgcc.a
LOAD c:/program files (x86)/atollic/truestudio for stm32 9.0.0/armtools/bin/../lib/gcc/arm-atollic-eabi/6.3.1/../../../../arm-atollic-eabi/lib/armv7-m\libc_nano.a
LOAD c:/program files (x86)/atollic/truestudio for stm32 9.0.0/armtools/bin/../lib/gcc/arm-atollic-eabi/6.3.1/../../../../arm-atollic-eabi/lib/armv7-m\libnosys.a
END GROUP
START GROUP
LOAD c:/program files (x86)/atollic/truestudio for stm32 9.0.0/armtools/bin/../lib/gcc/arm-atollic-eabi/6.3.1/armv7-m\libgcc.a
LOAD c:/program files (x86)/atollic/truestudio for stm32 9.0.0/armtools/bin/../lib/gcc/arm-atollic-eabi/6.3.1/../../../../arm-atollic-eabi/lib/armv7-m\libc_nano.a
LOAD c:/program files (x86)/atollic/truestudio for stm32 9.0.0/armtools/bin/../lib/gcc/arm-atollic-eabi/6.3.1/../../../../arm-atollic-eabi/lib/armv7-m\libnosys.a
END GROUP
LOAD c:/program files (x86)/atollic/truestudio for stm32 9.0.0/armtools/bin/../lib/gcc/arm-atollic-eabi/6.3.1/armv7-m/crtend.o
LOAD c:/program files (x86)/atollic/truestudio for stm32 9.0.0/armtools/bin/../lib/gcc/arm-atollic-eabi/6.3.1/armv7-m/crtn.o
                0x20005000                _estack = 0x20005000
                0x00000000                _Min_Heap_Size = 0x0
                0x00000100                _Min_Stack_Size = 0x100

.isr_vector     0x08000000      0x10c
                0x08000000                . = ALIGN (0x4)
 *(.isr_vector)
 .isr_vector    0x08000000      0x10c src\startup_stm32f10x_md.o
                0x08000000                g_pfnVectors
                0x0800010c                . = ALIGN (0x4)

.text           0x08000110     0x423c
                0x08000110                . = ALIGN (0x4)
 *(.text)
 .text          0x08000110       0x40 c:/program files (x86)/atollic/truestudio for stm32 9.0.0/armtools/bin/../lib/gcc/arm-atollic-eabi/6.3.1/armv7-m/crtbegin.o
 *(.text*)
 .text.NVIC_PriorityGroupConfig
                0x08000150       0x24 Libraries\STM32F10x_StdPeriph_Driver\src\misc.o
                0x08000150                NVIC_PriorityGroupConfig
 .text.SysTick_CLKSourceConfig
                0x08000174       0x38 Libraries\STM32F10x_StdPeriph_Driver\src\misc.o
                0x08000174                SysTick_CLKSourceConfig
 .text.FLASH_SetLatency
                0x080001ac       0x38 Libraries\STM32F10x_StdPeriph_Driver\src\stm32f10x_flash.o
                0x080001ac                FLASH_SetLatency
 .text.GPIO_Init
                0x080001e4      0x178 Libraries\STM32F10x_StdPeriph_Driver\src\stm32f10x_gpio.o
                0x080001e4                GPIO_Init
 .text.GPIO_SetBits
                0x0800035c       0x1c Libraries\STM32F10x_StdPeriph_Driver\src\stm32f10x_gpio.o
                0x0800035c                GPIO_SetBits
 .text.GPIO_ResetBits
                0x08000378       0x1c Libraries\STM32F10x_StdPeriph_Driver\src\stm32f10x_gpio.o
                0x08000378                GPIO_ResetBits
 .text.RCC_DeInit
                0x08000394       0x5c Libraries\STM32F10x_StdPeriph_Driver\src\stm32f10x_rcc.o
                0x08000394                RCC_DeInit
 .text.RCC_HSICmd
                0x080003f0       0x20 Libraries\STM32F10x_StdPeriph_Driver\src\stm32f10x_rcc.o
                0x080003f0                RCC_HSICmd
 .text.RCC_PLLConfig
                0x08000410       0x3c Libraries\STM32F10x_StdPeriph_Driver\src\stm32f10x_rcc.o
                0x08000410                RCC_PLLConfig
 .text.RCC_PLLCmd
                0x0800044c       0x20 Libraries\STM32F10x_StdPeriph_Driver\src\stm32f10x_rcc.o
                0x0800044c                RCC_PLLCmd
 .text.RCC_SYSCLKConfig
                0x0800046c       0x38 Libraries\STM32F10x_StdPeriph_Driver\src\stm32f10x_rcc.o
                0x0800046c                RCC_SYSCLKConfig
 .text.RCC_HCLKConfig
                0x080004a4       0x38 Libraries\STM32F10x_StdPeriph_Driver\src\stm32f10x_rcc.o
                0x080004a4                RCC_HCLKConfig
 .text.RCC_PCLK1Config
                0x080004dc       0x38 Libraries\STM32F10x_StdPeriph_Driver\src\stm32f10x_rcc.o
                0x080004dc                RCC_PCLK1Config
 .text.RCC_PCLK2Config
                0x08000514       0x38 Libraries\STM32F10x_StdPeriph_Driver\src\stm32f10x_rcc.o
                0x08000514                RCC_PCLK2Config
 .text.RCC_GetClocksFreq
                0x0800054c      0x160 Libraries\STM32F10x_StdPeriph_Driver\src\stm32f10x_rcc.o
                0x0800054c                RCC_GetClocksFreq
 .text.RCC_APB2PeriphClockCmd
                0x080006ac       0x3c Libraries\STM32F10x_StdPeriph_Driver\src\stm32f10x_rcc.o
                0x080006ac                RCC_APB2PeriphClockCmd
 .text.SPI_Init
                0x080006e8       0x86 Libraries\STM32F10x_StdPeriph_Driver\src\stm32f10x_spi.o
                0x080006e8                SPI_Init
 .text.SPI_Cmd  0x0800076e       0x3e Libraries\STM32F10x_StdPeriph_Driver\src\stm32f10x_spi.o
                0x0800076e                SPI_Cmd
 .text.SPI_I2S_SendData
                0x080007ac       0x1c Libraries\STM32F10x_StdPeriph_Driver\src\stm32f10x_spi.o
                0x080007ac                SPI_I2S_SendData
 .text.SPI_I2S_ReceiveData
                0x080007c8       0x18 Libraries\STM32F10x_StdPeriph_Driver\src\stm32f10x_spi.o
                0x080007c8                SPI_I2S_ReceiveData
 .text.SPI_I2S_GetFlagStatus
                0x080007e0       0x36 Libraries\STM32F10x_StdPeriph_Driver\src\stm32f10x_spi.o
                0x080007e0                SPI_I2S_GetFlagStatus
 *fill*         0x08000816        0x2 
 .text.NVIC_SetPriority
                0x08000818       0x54 src\custom_init.o
 .text.SysTick_Config
                0x0800086c       0x44 src\custom_init.o
 .text.CustomInit
                0x080008b0       0x24 src\custom_init.o
                0x080008b0                CustomInit
 .text.CustomClockConfigHSI64
                0x080008d4       0x48 src\custom_init.o
                0x080008d4                CustomClockConfigHSI64
 .text.CustomSPIConfig
                0x0800091c       0xa8 src\custom_init.o
                0x0800091c                CustomSPIConfig
 .text.pxPortInitialiseStack
                0x080009c4       0x58 src\freertos\ARM_CM3\port.o
                0x080009c4                pxPortInitialiseStack
 .text.prvTaskExitError
                0x08000a1c       0x50 src\freertos\ARM_CM3\port.o
 *fill*         0x08000a6c        0x4 
 .text.SVC_Handler
                0x08000a70       0x28 src\freertos\ARM_CM3\port.o
                0x08000a70                SVC_Handler
 .text.prvPortStartFirstTask
                0x08000a98       0x20 src\freertos\ARM_CM3\port.o
 .text.xPortStartScheduler
                0x08000ab8       0xe0 src\freertos\ARM_CM3\port.o
                0x08000ab8                xPortStartScheduler
 .text.vPortEnterCritical
                0x08000b98       0x5c src\freertos\ARM_CM3\port.o
                0x08000b98                vPortEnterCritical
 .text.vPortExitCritical
                0x08000bf4       0x4c src\freertos\ARM_CM3\port.o
                0x08000bf4                vPortExitCritical
 .text.PendSV_Handler
                0x08000c40       0x48 src\freertos\ARM_CM3\port.o
                0x08000c40                PendSV_Handler
 .text.SysTick_Handler
                0x08000c88       0x40 src\freertos\ARM_CM3\port.o
                0x08000c88                SysTick_Handler
 .text.vPortSetupTimerInterrupt
                0x08000cc8       0x34 src\freertos\ARM_CM3\port.o
                0x08000cc8                vPortSetupTimerInterrupt
 .text.vPortValidateInterruptPriority
                0x08000cfc       0x78 src\freertos\ARM_CM3\port.o
                0x08000cfc                vPortValidateInterruptPriority
 .text.pvPortMalloc
                0x08000d74       0x94 src\freertos\MemMang\heap_1.o
                0x08000d74                pvPortMalloc
 .text.vPortFree
                0x08000e08       0x2c src\freertos\MemMang\heap_1.o
                0x08000e08                vPortFree
 .text.vListInitialise
                0x08000e34       0x3e src\freertos\list.o
                0x08000e34                vListInitialise
 .text.vListInitialiseItem
                0x08000e72       0x18 src\freertos\list.o
                0x08000e72                vListInitialiseItem
 .text.vListInsertEnd
                0x08000e8a       0x46 src\freertos\list.o
                0x08000e8a                vListInsertEnd
 .text.vListInsert
                0x08000ed0       0x70 src\freertos\list.o
                0x08000ed0                vListInsert
 .text.uxListRemove
                0x08000f40       0x52 src\freertos\list.o
                0x08000f40                uxListRemove
 *fill*         0x08000f92        0x2 
 .text.xQueueGenericReset
                0x08000f94       0xd0 src\freertos\queue.o
                0x08000f94                xQueueGenericReset
 .text.xQueueGenericCreate
                0x08001064       0x76 src\freertos\queue.o
                0x08001064                xQueueGenericCreate
 .text.prvInitialiseNewQueue
                0x080010da       0x3e src\freertos\queue.o
 .text.xQueueGenericSend
                0x08001118      0x1f4 src\freertos\queue.o
                0x08001118                xQueueGenericSend
 .text.xQueueGenericSendFromISR
                0x0800130c      0x128 src\freertos\queue.o
                0x0800130c                xQueueGenericSendFromISR
 .text.xQueueReceive
                0x08001434      0x1b8 src\freertos\queue.o
                0x08001434                xQueueReceive
 .text.uxQueueMessagesWaiting
                0x080015ec       0x3a src\freertos\queue.o
                0x080015ec                uxQueueMessagesWaiting
 .text.prvCopyDataToQueue
                0x08001626       0xd4 src\freertos\queue.o
 .text.prvCopyDataFromQueue
                0x080016fa       0x4c src\freertos\queue.o
 .text.prvUnlockQueue
                0x08001746       0xa4 src\freertos\queue.o
 .text.prvIsQueueEmpty
                0x080017ea       0x2c src\freertos\queue.o
 .text.prvIsQueueFull
                0x08001816       0x30 src\freertos\queue.o
 .text.vQueueWaitForMessageRestricted
                0x08001846       0x68 src\freertos\queue.o
                0x08001846                vQueueWaitForMessageRestricted
 .text.xStreamBufferGenericCreate
                0x080018ae       0xb0 src\freertos\stream_buffer.o
                0x080018ae                xStreamBufferGenericCreate
 .text.xStreamBufferReset
                0x0800195e       0x6a src\freertos\stream_buffer.o
                0x0800195e                xStreamBufferReset
 .text.xStreamBufferSpacesAvailable
                0x080019c8       0x62 src\freertos\stream_buffer.o
                0x080019c8                xStreamBufferSpacesAvailable
 .text.xStreamBufferSend
                0x08001a2a      0x162 src\freertos\stream_buffer.o
                0x08001a2a                xStreamBufferSend
 .text.prvWriteMessageToBuffer
                0x08001b8c       0x7a src\freertos\stream_buffer.o
 .text.xStreamBufferReceive
                0x08001c06      0x124 src\freertos\stream_buffer.o
                0x08001c06                xStreamBufferReceive
 .text.prvReadMessageFromBuffer
                0x08001d2a       0x64 src\freertos\stream_buffer.o
 .text.prvWriteBytesToBuffer
                0x08001d8e       0xde src\freertos\stream_buffer.o
 .text.prvReadBytesFromBuffer
                0x08001e6c       0xee src\freertos\stream_buffer.o
 .text.prvBytesInBuffer
                0x08001f5a       0x3e src\freertos\stream_buffer.o
 .text.prvInitialiseNewStreamBuffer
                0x08001f98       0x64 src\freertos\stream_buffer.o
 .text.xTaskCreate
                0x08001ffc       0x82 src\freertos\tasks.o
                0x08001ffc                xTaskCreate
 .text.prvInitialiseNewTask
                0x0800207e      0x116 src\freertos\tasks.o
 .text.prvAddNewTaskToReadyList
                0x08002194       0xd4 src\freertos\tasks.o
 .text.vTaskDelay
                0x08002268       0x68 src\freertos\tasks.o
                0x08002268                vTaskDelay
 .text.vTaskStartScheduler
                0x080022d0       0x98 src\freertos\tasks.o
                0x080022d0                vTaskStartScheduler
 .text.vTaskSuspendAll
                0x08002368       0x1c src\freertos\tasks.o
                0x08002368                vTaskSuspendAll
 .text.xTaskResumeAll
                0x08002384      0x138 src\freertos\tasks.o
                0x08002384                xTaskResumeAll
 .text.xTaskGetTickCount
                0x080024bc       0x1c src\freertos\tasks.o
                0x080024bc                xTaskGetTickCount
 .text.xTaskIncrementTick
                0x080024d8      0x180 src\freertos\tasks.o
                0x080024d8                xTaskIncrementTick
 .text.vTaskSwitchContext
                0x08002658       0xd4 src\freertos\tasks.o
                0x08002658                vTaskSwitchContext
 .text.vTaskPlaceOnEventList
                0x0800272c       0x48 src\freertos\tasks.o
                0x0800272c                vTaskPlaceOnEventList
 .text.vTaskPlaceOnEventListRestricted
                0x08002774       0x54 src\freertos\tasks.o
                0x08002774                vTaskPlaceOnEventListRestricted
 .text.xTaskRemoveFromEventList
                0x080027c8       0xc4 src\freertos\tasks.o
                0x080027c8                xTaskRemoveFromEventList
 .text.vTaskSetTimeOutState
                0x0800288c       0x4c src\freertos\tasks.o
                0x0800288c                vTaskSetTimeOutState
 .text.vTaskInternalSetTimeOutState
                0x080028d8       0x2c src\freertos\tasks.o
                0x080028d8                vTaskInternalSetTimeOutState
 .text.xTaskCheckForTimeOut
                0x08002904       0xc0 src\freertos\tasks.o
                0x08002904                xTaskCheckForTimeOut
 .text.vTaskMissedYield
                0x080029c4       0x18 src\freertos\tasks.o
                0x080029c4                vTaskMissedYield
 .text.prvIdleTask
                0x080029dc       0x30 src\freertos\tasks.o
 .text.prvInitialiseTaskLists
                0x08002a0c       0x80 src\freertos\tasks.o
 .text.prvCheckTasksWaitingTermination
                0x08002a8c       0x58 src\freertos\tasks.o
 .text.prvDeleteTCB
                0x08002ae4       0x20 src\freertos\tasks.o
 .text.prvResetNextTaskUnblockTime
                0x08002b04       0x40 src\freertos\tasks.o
 .text.xTaskGetCurrentTaskHandle
                0x08002b44       0x1c src\freertos\tasks.o
                0x08002b44                xTaskGetCurrentTaskHandle
 .text.xTaskGetSchedulerState
                0x08002b60       0x3c src\freertos\tasks.o
                0x08002b60                xTaskGetSchedulerState
 .text.xTaskPriorityDisinherit
                0x08002b9c      0x108 src\freertos\tasks.o
                0x08002b9c                xTaskPriorityDisinherit
 .text.xTaskNotifyWait
                0x08002ca4       0xb4 src\freertos\tasks.o
                0x08002ca4                xTaskNotifyWait
 .text.xTaskGenericNotify
                0x08002d58      0x164 src\freertos\tasks.o
                0x08002d58                xTaskGenericNotify
 .text.xTaskNotifyStateClear
                0x08002ebc       0x4c src\freertos\tasks.o
                0x08002ebc                xTaskNotifyStateClear
 .text.prvAddCurrentTaskToDelayedList
                0x08002f08       0xcc src\freertos\tasks.o
 .text.xTimerCreateTimerTask
                0x08002fd4       0x60 src\freertos\timers.o
                0x08002fd4                xTimerCreateTimerTask
 .text.xTimerGenericCommand
                0x08003034       0x98 src\freertos\timers.o
                0x08003034                xTimerGenericCommand
 .text.prvProcessExpiredTimer
                0x080030cc       0x80 src\freertos\timers.o
 .text.prvTimerTask
                0x0800314c       0x24 src\freertos\timers.o
 .text.prvProcessTimerOrBlockTask
                0x08003170       0x9c src\freertos\timers.o
 .text.prvGetNextExpireTime
                0x0800320c       0x44 src\freertos\timers.o
 .text.prvSampleTimeNow
                0x08003250       0x40 src\freertos\timers.o
 .text.prvInsertTimerInActiveList
                0x08003290       0x84 src\freertos\timers.o
 .text.prvProcessReceivedCommands
                0x08003314      0x124 src\freertos\timers.o
 .text.prvSwitchTimerLists
                0x08003438       0xc0 src\freertos\timers.o
 .text.prvCheckForValidListAndQueue
                0x080034f8       0x54 src\freertos\timers.o
 .text.main     0x0800354c      0x100 src\main.o
                0x0800354c                main
 .text.vApplicationStackOverflowHook
                0x0800364c        0xc src\main.o
                0x0800364c                vApplicationStackOverflowHook
 .text.vApplicationMallocFailedHook
                0x08003658        0x6 src\main.o
                0x08003658                vApplicationMallocFailedHook
 .text.vApplicationTickHook
                0x0800365e        0xc src\main.o
                0x0800365e                vApplicationTickHook
 *fill*         0x0800366a        0x2 
 .text.vTaskMBParser
                0x0800366c       0x8c src\myTasks\TaskMBParser.o
                0x0800366c                vTaskMBParser
 .text.W5500_Init
                0x080036f8       0xc8 src\myTasks\TaskW5500.o
                0x080036f8                W5500_Init
 .text.vTaskW5500
                0x080037c0       0x70 src\myTasks\TaskW5500.o
                0x080037c0                vTaskW5500
 .text.W5500_SetupTCPSocket
                0x08003830       0x54 src\myTasks\TaskW5500.o
                0x08003830                W5500_SetupTCPSocket
 .text.W5500_ProcessTCPSocket
                0x08003884       0xc4 src\myTasks\TaskW5500.o
                0x08003884                W5500_ProcessTCPSocket
 .text.W5500_ReadoutTCPSocketToStream
                0x08003948      0x10c src\myTasks\TaskW5500.o
                0x08003948                W5500_ReadoutTCPSocketToStream
 .text.W5500_ProcessControlMessages
                0x08003a54       0x58 src\myTasks\TaskW5500.o
                0x08003a54                W5500_ProcessControlMessages
 .text.W5500_WriteToSocket
                0x08003aac       0x9c src\myTasks\TaskW5500.o
                0x08003aac                W5500_WriteToSocket
 .text.Reset_Handler
                0x08003b48       0x50 src\startup_stm32f10x_md.o
                0x08003b48                Reset_Handler
 .text.Default_Handler
                0x08003b98        0x2 src\startup_stm32f10x_md.o
                0x08003b98                EXTI2_IRQHandler
                0x08003b98                TIM1_CC_IRQHandler
                0x08003b98                PVD_IRQHandler
                0x08003b98                NMI_Handler
                0x08003b98                EXTI3_IRQHandler
                0x08003b98                EXTI0_IRQHandler
                0x08003b98                I2C2_EV_IRQHandler
                0x08003b98                ADC1_2_IRQHandler
                0x08003b98                SPI1_IRQHandler
                0x08003b98                TAMPER_IRQHandler
                0x08003b98                DMA1_Channel4_IRQHandler
                0x08003b98                USART3_IRQHandler
                0x08003b98                RTC_IRQHandler
                0x08003b98                DMA1_Channel7_IRQHandler
                0x08003b98                CAN1_RX1_IRQHandler
                0x08003b98                TIM4_IRQHandler
                0x08003b98                I2C1_EV_IRQHandler
                0x08003b98                DMA1_Channel6_IRQHandler
                0x08003b98                TIM3_IRQHandler
                0x08003b98                RCC_IRQHandler
                0x08003b98                TIM1_TRG_COM_IRQHandler
                0x08003b98                DMA1_Channel1_IRQHandler
                0x08003b98                Default_Handler
                0x08003b98                EXTI15_10_IRQHandler
                0x08003b98                EXTI9_5_IRQHandler
                0x08003b98                SPI2_IRQHandler
                0x08003b98                DMA1_Channel5_IRQHandler
                0x08003b98                EXTI4_IRQHandler
                0x08003b98                USB_LP_CAN1_RX0_IRQHandler
                0x08003b98                USB_HP_CAN1_TX_IRQHandler
                0x08003b98                DMA1_Channel3_IRQHandler
                0x08003b98                TIM1_UP_IRQHandler
                0x08003b98                WWDG_IRQHandler
                0x08003b98                TIM2_IRQHandler
                0x08003b98                TIM1_BRK_IRQHandler
                0x08003b98                EXTI1_IRQHandler
                0x08003b98                RTCAlarm_IRQHandler
                0x08003b98                USART2_IRQHandler
                0x08003b98                I2C2_ER_IRQHandler
                0x08003b98                DMA1_Channel2_IRQHandler
                0x08003b98                CAN1_SCE_IRQHandler
                0x08003b98                FLASH_IRQHandler
                0x08003b98                USART1_IRQHandler
                0x08003b98                I2C1_ER_IRQHandler
                0x08003b98                USBWakeUp_IRQHandler
 .text.HardFault_Handler
                0x08003b9a        0x6 src\stm32f1xx_it.o
                0x08003b9a                HardFault_Handler
 .text.MemManage_Handler
                0x08003ba0        0x6 src\stm32f1xx_it.o
                0x08003ba0                MemManage_Handler
 .text.BusFault_Handler
                0x08003ba6        0x6 src\stm32f1xx_it.o
                0x08003ba6                BusFault_Handler
 .text.UsageFault_Handler
                0x08003bac        0x6 src\stm32f1xx_it.o
                0x08003bac                UsageFault_Handler
 .text.DebugMon_Handler
                0x08003bb2        0xc src\stm32f1xx_it.o
                0x08003bb2                DebugMon_Handler
 *fill*         0x08003bbe        0x2 
 .text.SystemInit
                0x08003bc0       0x68 src\system_stm32f10x.o
                0x08003bc0                SystemInit
 .text.SystemCoreClockUpdate
                0x08003c28       0xd8 src\system_stm32f10x.o
                0x08003c28                SystemCoreClockUpdate
 .text.SetSysClock
                0x08003d00        0xc src\system_stm32f10x.o
 .text.SetSysClockTo72
                0x08003d0c      0x100 src\system_stm32f10x.o
 .text.W5500_ReadRegisters
                0x08003e0c      0x118 src\utils\w5500_spi.o
                0x08003e0c                W5500_ReadRegisters
 .text.W5500_ReadByte
                0x08003f24       0x2c src\utils\w5500_spi.o
                0x08003f24                W5500_ReadByte
 .text.W5500_ReadWord
                0x08003f50       0x44 src\utils\w5500_spi.o
                0x08003f50                W5500_ReadWord
 .text.W5500_WriteRegisters
                0x08003f94       0xd8 src\utils\w5500_spi.o
                0x08003f94                W5500_WriteRegisters
 .text.W5500_WriteByte
                0x0800406c       0x26 src\utils\w5500_spi.o
                0x0800406c                W5500_WriteByte
 .text.W5500_WriteWord
                0x08004092       0x38 src\utils\w5500_spi.o
                0x08004092                W5500_WriteWord
 .text.W5500_SerializeHeader
                0x080040ca       0x44 src\utils\w5500_spi.o
                0x080040ca                W5500_SerializeHeader
 *fill*         0x0800410e        0x2 
 .text.__libc_init_array
                0x08004110       0x48 c:/program files (x86)/atollic/truestudio for stm32 9.0.0/armtools/bin/../lib/gcc/arm-atollic-eabi/6.3.1/../../../../arm-atollic-eabi/lib/armv7-m\libc_nano.a(lib_a-init.o)
                0x08004110                __libc_init_array
 .text.malloc   0x08004158       0x10 c:/program files (x86)/atollic/truestudio for stm32 9.0.0/armtools/bin/../lib/gcc/arm-atollic-eabi/6.3.1/../../../../arm-atollic-eabi/lib/armv7-m\libc_nano.a(lib_a-malloc.o)
                0x08004158                malloc
 .text.free     0x08004168       0x10 c:/program files (x86)/atollic/truestudio for stm32 9.0.0/armtools/bin/../lib/gcc/arm-atollic-eabi/6.3.1/../../../../arm-atollic-eabi/lib/armv7-m\libc_nano.a(lib_a-malloc.o)
                0x08004168                free
 .text.memcpy   0x08004178       0x16 c:/program files (x86)/atollic/truestudio for stm32 9.0.0/armtools/bin/../lib/gcc/arm-atollic-eabi/6.3.1/../../../../arm-atollic-eabi/lib/armv7-m\libc_nano.a(lib_a-memcpy-stub.o)
                0x08004178                memcpy
 .text.memset   0x0800418e       0x10 c:/program files (x86)/atollic/truestudio for stm32 9.0.0/armtools/bin/../lib/gcc/arm-atollic-eabi/6.3.1/../../../../arm-atollic-eabi/lib/armv7-m\libc_nano.a(lib_a-memset.o)
                0x0800418e                memset
 *fill*         0x0800419e        0x2 
 .text._free_r  0x080041a0       0x98 c:/program files (x86)/atollic/truestudio for stm32 9.0.0/armtools/bin/../lib/gcc/arm-atollic-eabi/6.3.1/../../../../arm-atollic-eabi/lib/armv7-m\libc_nano.a(lib_a-nano-freer.o)
                0x080041a0                _free_r
 .text._malloc_r
                0x08004238       0xbc c:/program files (x86)/atollic/truestudio for stm32 9.0.0/armtools/bin/../lib/gcc/arm-atollic-eabi/6.3.1/../../../../arm-atollic-eabi/lib/armv7-m\libc_nano.a(lib_a-nano-mallocr.o)
                0x08004238                _malloc_r
 .text._sbrk_r  0x080042f4       0x20 c:/program files (x86)/atollic/truestudio for stm32 9.0.0/armtools/bin/../lib/gcc/arm-atollic-eabi/6.3.1/../../../../arm-atollic-eabi/lib/armv7-m\libc_nano.a(lib_a-sbrkr.o)
                0x080042f4                _sbrk_r
 .text.__malloc_lock
                0x08004314        0x2 c:/program files (x86)/atollic/truestudio for stm32 9.0.0/armtools/bin/../lib/gcc/arm-atollic-eabi/6.3.1/../../../../arm-atollic-eabi/lib/armv7-m\libc_nano.a(lib_a-mlock.o)
                0x08004314                __malloc_lock
 .text.__malloc_unlock
                0x08004316        0x2 c:/program files (x86)/atollic/truestudio for stm32 9.0.0/armtools/bin/../lib/gcc/arm-atollic-eabi/6.3.1/../../../../arm-atollic-eabi/lib/armv7-m\libc_nano.a(lib_a-mlock.o)
                0x08004316                __malloc_unlock
 .text._sbrk    0x08004318       0x1c c:/program files (x86)/atollic/truestudio for stm32 9.0.0/armtools/bin/../lib/gcc/arm-atollic-eabi/6.3.1/../../../../arm-atollic-eabi/lib/armv7-m\libnosys.a(sbrk.o)
                0x08004318                _sbrk
 *(.glue_7)
 .glue_7        0x08004334        0x0 linker stubs
 *(.glue_7t)
 .glue_7t       0x08004334        0x0 linker stubs
 *(.eh_frame)
 .eh_frame      0x08004334        0x0 c:/program files (x86)/atollic/truestudio for stm32 9.0.0/armtools/bin/../lib/gcc/arm-atollic-eabi/6.3.1/armv7-m/crtbegin.o
 *(.init)
 .init          0x08004334        0x4 c:/program files (x86)/atollic/truestudio for stm32 9.0.0/armtools/bin/../lib/gcc/arm-atollic-eabi/6.3.1/armv7-m/crti.o
                0x08004334                _init
 .init          0x08004338        0x8 c:/program files (x86)/atollic/truestudio for stm32 9.0.0/armtools/bin/../lib/gcc/arm-atollic-eabi/6.3.1/armv7-m/crtn.o
 *(.fini)
 .fini          0x08004340        0x4 c:/program files (x86)/atollic/truestudio for stm32 9.0.0/armtools/bin/../lib/gcc/arm-atollic-eabi/6.3.1/armv7-m/crti.o
                0x08004340                _fini
 .fini          0x08004344        0x8 c:/program files (x86)/atollic/truestudio for stm32 9.0.0/armtools/bin/../lib/gcc/arm-atollic-eabi/6.3.1/armv7-m/crtn.o
                0x0800434c                . = ALIGN (0x4)
                0x0800434c                _etext = .

.vfp11_veneer   0x0800434c        0x0
 .vfp11_veneer  0x0800434c        0x0 linker stubs

.v4_bx          0x0800434c        0x0
 .v4_bx         0x0800434c        0x0 linker stubs

.iplt           0x0800434c        0x0
 .iplt          0x0800434c        0x0 c:/program files (x86)/atollic/truestudio for stm32 9.0.0/armtools/bin/../lib/gcc/arm-atollic-eabi/6.3.1/armv7-m/crtbegin.o

.rodata         0x0800434c       0x40
                0x0800434c                . = ALIGN (0x4)
 *(.rodata)
 .rodata        0x0800434c        0x5 src\freertos\tasks.o
 *fill*         0x08004351        0x3 
 .rodata        0x08004354        0x8 src\freertos\timers.o
 .rodata        0x0800435c       0x23 src\main.o
 *fill*         0x0800437f        0x1 
 .rodata        0x08004380        0xa src\myTasks\TaskMBParser.o
 *(.rodata*)
                0x0800438c                . = ALIGN (0x4)
 *fill*         0x0800438a        0x2 

.rel.dyn        0x0800438c        0x0
 .rel.iplt      0x0800438c        0x0 c:/program files (x86)/atollic/truestudio for stm32 9.0.0/armtools/bin/../lib/gcc/arm-atollic-eabi/6.3.1/armv7-m/crtbegin.o

.ARM.extab
 *(.ARM.extab* .gnu.linkonce.armextab.*)

.ARM            0x0800438c        0x0
                0x0800438c                __exidx_start = .
 *(.ARM.exidx*)
                0x0800438c                __exidx_end = .

.preinit_array  0x0800438c        0x0
                0x0800438c                PROVIDE (__preinit_array_start, .)
 *(.preinit_array*)
                0x0800438c                PROVIDE (__preinit_array_end, .)

.init_array     0x0800438c        0x4
                0x0800438c                PROVIDE (__init_array_start, .)
 *(SORT(.init_array.*))
 *(.init_array*)
 .init_array    0x0800438c        0x4 c:/program files (x86)/atollic/truestudio for stm32 9.0.0/armtools/bin/../lib/gcc/arm-atollic-eabi/6.3.1/armv7-m/crtbegin.o
                0x08004390                PROVIDE (__init_array_end, .)

.fini_array     0x08004390        0x4
                [!provide]                PROVIDE (__fini_array_start, .)
 *(SORT(.fini_array.*))
 *(.fini_array*)
 .fini_array    0x08004390        0x4 c:/program files (x86)/atollic/truestudio for stm32 9.0.0/armtools/bin/../lib/gcc/arm-atollic-eabi/6.3.1/armv7-m/crtbegin.o
                [!provide]                PROVIDE (__fini_array_end, .)
                0x08004394                _sidata = LOADADDR (.data)

.data           0x20000000       0x90 load address 0x08004394
                0x20000000                . = ALIGN (0x4)
                0x20000000                _sdata = .
 *(.data)
 *(.data*)
 .data.APBAHBPrescTable
                0x20000000       0x10 Libraries\STM32F10x_StdPeriph_Driver\src\stm32f10x_rcc.o
 .data.ADCPrescTable
                0x20000010        0x4 Libraries\STM32F10x_StdPeriph_Driver\src\stm32f10x_rcc.o
 .data.uxCriticalNesting
                0x20000014        0x4 src\freertos\ARM_CM3\port.o
 .data.SystemCoreClock
                0x20000018        0x4 src\system_stm32f10x.o
                0x20000018                SystemCoreClock
 .data.AHBPrescTable
                0x2000001c       0x10 src\system_stm32f10x.o
                0x2000001c                AHBPrescTable
 .data._impure_ptr
                0x2000002c        0x4 c:/program files (x86)/atollic/truestudio for stm32 9.0.0/armtools/bin/../lib/gcc/arm-atollic-eabi/6.3.1/../../../../arm-atollic-eabi/lib/armv7-m\libc_nano.a(lib_a-impure.o)
                0x2000002c                _impure_ptr
 .data.impure_data
                0x20000030       0x60 c:/program files (x86)/atollic/truestudio for stm32 9.0.0/armtools/bin/../lib/gcc/arm-atollic-eabi/6.3.1/../../../../arm-atollic-eabi/lib/armv7-m\libc_nano.a(lib_a-impure.o)
                0x20000090                . = ALIGN (0x4)
                0x20000090                _edata = .

.igot.plt       0x20000090        0x0 load address 0x08004424
 .igot.plt      0x20000090        0x0 c:/program files (x86)/atollic/truestudio for stm32 9.0.0/armtools/bin/../lib/gcc/arm-atollic-eabi/6.3.1/armv7-m/crtbegin.o
                0x20000090                . = ALIGN (0x4)

.bss            0x20000090     0x1e98 load address 0x08004424
                0x20000090                _sbss = .
                0x20000090                __bss_start__ = _sbss
 *(.bss)
 .bss           0x20000090       0x1c c:/program files (x86)/atollic/truestudio for stm32 9.0.0/armtools/bin/../lib/gcc/arm-atollic-eabi/6.3.1/armv7-m/crtbegin.o
 *(.bss*)
 .bss.ucMaxSysCallPriority
                0x200000ac        0x1 src\freertos\ARM_CM3\port.o
 *fill*         0x200000ad        0x3 
 .bss.ulMaxPRIGROUPValue
                0x200000b0        0x4 src\freertos\ARM_CM3\port.o
 .bss.ucHeap    0x200000b4     0x1c00 src\freertos\MemMang\heap_1.o
 .bss.xNextFreeByte
                0x20001cb4        0x4 src\freertos\MemMang\heap_1.o
 .bss.pucAlignedHeap.5110
                0x20001cb8        0x4 src\freertos\MemMang\heap_1.o
 .bss.pxCurrentTCB
                0x20001cbc        0x4 src\freertos\tasks.o
                0x20001cbc                pxCurrentTCB
 .bss.pxReadyTasksLists
                0x20001cc0       0x64 src\freertos\tasks.o
 .bss.xDelayedTaskList1
                0x20001d24       0x14 src\freertos\tasks.o
 .bss.xDelayedTaskList2
                0x20001d38       0x14 src\freertos\tasks.o
 .bss.pxDelayedTaskList
                0x20001d4c        0x4 src\freertos\tasks.o
 .bss.pxOverflowDelayedTaskList
                0x20001d50        0x4 src\freertos\tasks.o
 .bss.xPendingReadyList
                0x20001d54       0x14 src\freertos\tasks.o
 .bss.xTasksWaitingTermination
                0x20001d68       0x14 src\freertos\tasks.o
 .bss.uxDeletedTasksWaitingCleanUp
                0x20001d7c        0x4 src\freertos\tasks.o
 .bss.xSuspendedTaskList
                0x20001d80       0x14 src\freertos\tasks.o
 .bss.uxCurrentNumberOfTasks
                0x20001d94        0x4 src\freertos\tasks.o
 .bss.xTickCount
                0x20001d98        0x4 src\freertos\tasks.o
 .bss.uxTopReadyPriority
                0x20001d9c        0x4 src\freertos\tasks.o
 .bss.xSchedulerRunning
                0x20001da0        0x4 src\freertos\tasks.o
 .bss.uxPendedTicks
                0x20001da4        0x4 src\freertos\tasks.o
 .bss.xYieldPending
                0x20001da8        0x4 src\freertos\tasks.o
 .bss.xNumOfOverflows
                0x20001dac        0x4 src\freertos\tasks.o
 .bss.uxTaskNumber
                0x20001db0        0x4 src\freertos\tasks.o
 .bss.xNextTaskUnblockTime
                0x20001db4        0x4 src\freertos\tasks.o
 .bss.xIdleTaskHandle
                0x20001db8        0x4 src\freertos\tasks.o
 .bss.uxSchedulerSuspended
                0x20001dbc        0x4 src\freertos\tasks.o
 .bss.xActiveTimerList1
                0x20001dc0       0x14 src\freertos\timers.o
 .bss.xActiveTimerList2
                0x20001dd4       0x14 src\freertos\timers.o
 .bss.pxCurrentTimerList
                0x20001de8        0x4 src\freertos\timers.o
 .bss.pxOverflowTimerList
                0x20001dec        0x4 src\freertos\timers.o
 .bss.xTimerQueue
                0x20001df0        0x4 src\freertos\timers.o
 .bss.xTimerTaskHandle
                0x20001df4        0x4 src\freertos\timers.o
 .bss.xLastTime.5403
                0x20001df8        0x4 src\freertos\timers.o
 .bss.parser0params.8043
                0x20001dfc        0xc src\main.o
 .bss.__malloc_free_list
                0x20001e08        0x4 c:/program files (x86)/atollic/truestudio for stm32 9.0.0/armtools/bin/../lib/gcc/arm-atollic-eabi/6.3.1/../../../../arm-atollic-eabi/lib/armv7-m\libc_nano.a(lib_a-nano-mallocr.o)
                0x20001e08                __malloc_free_list
 .bss.__malloc_sbrk_start
                0x20001e0c        0x4 c:/program files (x86)/atollic/truestudio for stm32 9.0.0/armtools/bin/../lib/gcc/arm-atollic-eabi/6.3.1/../../../../arm-atollic-eabi/lib/armv7-m\libc_nano.a(lib_a-nano-mallocr.o)
                0x20001e0c                __malloc_sbrk_start
 .bss.heap_end.4116
                0x20001e10        0x4 c:/program files (x86)/atollic/truestudio for stm32 9.0.0/armtools/bin/../lib/gcc/arm-atollic-eabi/6.3.1/../../../../arm-atollic-eabi/lib/armv7-m\libnosys.a(sbrk.o)
 *(COMMON)
 COMMON         0x20001e14      0x110 src\main.o
                0x20001e14                Socket0RXStreamStruct
                0x20001e34                W5500CB
                0x20001e9c                SPIWriteStreamHandle
                0x20001ea0                Socket0RXStreamHandle
                0x20001ea4                SPIReadStreamHandle
                0x20001ea8                Socket0RXStreamStorage
                0x20001f10                W5500Conf
 COMMON         0x20001f24        0x4 c:/program files (x86)/atollic/truestudio for stm32 9.0.0/armtools/bin/../lib/gcc/arm-atollic-eabi/6.3.1/../../../../arm-atollic-eabi/lib/armv7-m\libc_nano.a(lib_a-reent.o)
                0x20001f24                errno
                0x20001f28                . = ALIGN (0x4)
                0x20001f28                _ebss = .
                0x20001f28                __bss_end__ = _ebss

._user_heap_stack
                0x20001f28      0x100 load address 0x08004424
                0x20001f28                . = ALIGN (0x4)
                0x20001f28                PROVIDE (end, .)
                [!provide]                PROVIDE (_end, .)
                0x20001f28                . = (. + _Min_Heap_Size)
                0x20002028                . = (. + _Min_Stack_Size)
 *fill*         0x20001f28      0x100 
                0x20002028                . = ALIGN (0x4)

.memory_b1_text
 *(.mb1text)
 *(.mb1text*)
 *(.mb1rodata)
 *(.mb1rodata*)

/DISCARD/
 libc.a(*)
 libm.a(*)
 libgcc.a(*)

.ARM.attributes
                0x00000000       0x29
 *(.ARM.attributes)
 .ARM.attributes
                0x00000000       0x1d c:/program files (x86)/atollic/truestudio for stm32 9.0.0/armtools/bin/../lib/gcc/arm-atollic-eabi/6.3.1/armv7-m/crti.o
 .ARM.attributes
                0x0000001d       0x2d c:/program files (x86)/atollic/truestudio for stm32 9.0.0/armtools/bin/../lib/gcc/arm-atollic-eabi/6.3.1/armv7-m/crtbegin.o
 .ARM.attributes
                0x0000004a       0x33 Libraries\STM32F10x_StdPeriph_Driver\src\misc.o
 .ARM.attributes
                0x0000007d       0x33 Libraries\STM32F10x_StdPeriph_Driver\src\stm32f10x_flash.o
 .ARM.attributes
                0x000000b0       0x33 Libraries\STM32F10x_StdPeriph_Driver\src\stm32f10x_gpio.o
 .ARM.attributes
                0x000000e3       0x33 Libraries\STM32F10x_StdPeriph_Driver\src\stm32f10x_rcc.o
 .ARM.attributes
                0x00000116       0x33 Libraries\STM32F10x_StdPeriph_Driver\src\stm32f10x_spi.o
 .ARM.attributes
                0x00000149       0x33 src\custom_init.o
 .ARM.attributes
                0x0000017c       0x33 src\freertos\ARM_CM3\port.o
 .ARM.attributes
                0x000001af       0x33 src\freertos\MemMang\heap_1.o
 .ARM.attributes
                0x000001e2       0x33 src\freertos\list.o
 .ARM.attributes
                0x00000215       0x33 src\freertos\queue.o
 .ARM.attributes
                0x00000248       0x33 src\freertos\stream_buffer.o
 .ARM.attributes
                0x0000027b       0x33 src\freertos\tasks.o
 .ARM.attributes
                0x000002ae       0x33 src\freertos\timers.o
 .ARM.attributes
                0x000002e1       0x33 src\main.o
 .ARM.attributes
                0x00000314       0x33 src\myTasks\TaskMBParser.o
 .ARM.attributes
                0x00000347       0x33 src\myTasks\TaskW5500.o
 .ARM.attributes
                0x0000037a       0x21 src\startup_stm32f10x_md.o
 .ARM.attributes
                0x0000039b       0x33 src\stm32f1xx_it.o
 .ARM.attributes
                0x000003ce       0x33 src\system_stm32f10x.o
 .ARM.attributes
                0x00000401       0x33 src\utils\w5500_spi.o
 .ARM.attributes
                0x00000434       0x2d c:/program files (x86)/atollic/truestudio for stm32 9.0.0/armtools/bin/../lib/gcc/arm-atollic-eabi/6.3.1/../../../../arm-atollic-eabi/lib/armv7-m\libc_nano.a(lib_a-init.o)
 .ARM.attributes
                0x00000461       0x2d c:/program files (x86)/atollic/truestudio for stm32 9.0.0/armtools/bin/../lib/gcc/arm-atollic-eabi/6.3.1/../../../../arm-atollic-eabi/lib/armv7-m\libc_nano.a(lib_a-malloc.o)
 .ARM.attributes
                0x0000048e       0x2d c:/program files (x86)/atollic/truestudio for stm32 9.0.0/armtools/bin/../lib/gcc/arm-atollic-eabi/6.3.1/../../../../arm-atollic-eabi/lib/armv7-m\libc_nano.a(lib_a-memcpy-stub.o)
 .ARM.attributes
                0x000004bb       0x2d c:/program files (x86)/atollic/truestudio for stm32 9.0.0/armtools/bin/../lib/gcc/arm-atollic-eabi/6.3.1/../../../../arm-atollic-eabi/lib/armv7-m\libc_nano.a(lib_a-memset.o)
 .ARM.attributes
                0x000004e8       0x2d c:/program files (x86)/atollic/truestudio for stm32 9.0.0/armtools/bin/../lib/gcc/arm-atollic-eabi/6.3.1/../../../../arm-atollic-eabi/lib/armv7-m\libc_nano.a(lib_a-nano-freer.o)
 .ARM.attributes
                0x00000515       0x2d c:/program files (x86)/atollic/truestudio for stm32 9.0.0/armtools/bin/../lib/gcc/arm-atollic-eabi/6.3.1/../../../../arm-atollic-eabi/lib/armv7-m\libc_nano.a(lib_a-nano-mallocr.o)
 .ARM.attributes
                0x00000542       0x2d c:/program files (x86)/atollic/truestudio for stm32 9.0.0/armtools/bin/../lib/gcc/arm-atollic-eabi/6.3.1/../../../../arm-atollic-eabi/lib/armv7-m\libc_nano.a(lib_a-sbrkr.o)
 .ARM.attributes
                0x0000056f       0x2d c:/program files (x86)/atollic/truestudio for stm32 9.0.0/armtools/bin/../lib/gcc/arm-atollic-eabi/6.3.1/../../../../arm-atollic-eabi/lib/armv7-m\libc_nano.a(lib_a-impure.o)
 .ARM.attributes
                0x0000059c       0x2d c:/program files (x86)/atollic/truestudio for stm32 9.0.0/armtools/bin/../lib/gcc/arm-atollic-eabi/6.3.1/../../../../arm-atollic-eabi/lib/armv7-m\libc_nano.a(lib_a-mlock.o)
 .ARM.attributes
                0x000005c9       0x2d c:/program files (x86)/atollic/truestudio for stm32 9.0.0/armtools/bin/../lib/gcc/arm-atollic-eabi/6.3.1/../../../../arm-atollic-eabi/lib/armv7-m\libc_nano.a(lib_a-reent.o)
 .ARM.attributes
                0x000005f6       0x2d c:/program files (x86)/atollic/truestudio for stm32 9.0.0/armtools/bin/../lib/gcc/arm-atollic-eabi/6.3.1/../../../../arm-atollic-eabi/lib/armv7-m\libnosys.a(sbrk.o)
 .ARM.attributes
                0x00000623       0x1d c:/program files (x86)/atollic/truestudio for stm32 9.0.0/armtools/bin/../lib/gcc/arm-atollic-eabi/6.3.1/armv7-m/crtn.o
OUTPUT(MBSlave.elf elf32-littlearm)

.debug_info     0x00000000     0xeb51
 .debug_info    0x00000000      0x54d Libraries\STM32F10x_StdPeriph_Driver\src\misc.o
 .debug_info    0x0000054d      0x7c8 Libraries\STM32F10x_StdPeriph_Driver\src\stm32f10x_flash.o
 .debug_info    0x00000d15      0x701 Libraries\STM32F10x_StdPeriph_Driver\src\stm32f10x_gpio.o
 .debug_info    0x00001416      0x8b2 Libraries\STM32F10x_StdPeriph_Driver\src\stm32f10x_rcc.o
 .debug_info    0x00001cc8      0x906 Libraries\STM32F10x_StdPeriph_Driver\src\stm32f10x_spi.o
 .debug_info    0x000025ce      0xa3c src\custom_init.o
 .debug_info    0x0000300a      0x4ca src\freertos\ARM_CM3\port.o
 .debug_info    0x000034d4      0x9de src\freertos\MemMang\heap_1.o
 .debug_info    0x00003eb2      0xac3 src\freertos\list.o
 .debug_info    0x00004975     0x1bec src\freertos\queue.o
 .debug_info    0x00006561     0x194c src\freertos\stream_buffer.o
 .debug_info    0x00007ead     0x235c src\freertos\tasks.o
 .debug_info    0x0000a209     0x1384 src\freertos\timers.o
 .debug_info    0x0000b58d      0xe9b src\main.o
 .debug_info    0x0000c428      0xcff src\myTasks\TaskMBParser.o
 .debug_info    0x0000d127      0xe85 src\myTasks\TaskW5500.o
 .debug_info    0x0000dfac       0x76 src\startup_stm32f10x_md.o
 .debug_info    0x0000e022      0x110 src\stm32f1xx_it.o
 .debug_info    0x0000e132      0x4a7 src\system_stm32f10x.o
 .debug_info    0x0000e5d9      0x578 src\utils\w5500_spi.o

.debug_abbrev   0x00000000     0x25f3
 .debug_abbrev  0x00000000      0x172 Libraries\STM32F10x_StdPeriph_Driver\src\misc.o
 .debug_abbrev  0x00000172      0x1a0 Libraries\STM32F10x_StdPeriph_Driver\src\stm32f10x_flash.o
 .debug_abbrev  0x00000312      0x1dd Libraries\STM32F10x_StdPeriph_Driver\src\stm32f10x_gpio.o
 .debug_abbrev  0x000004ef      0x1cf Libraries\STM32F10x_StdPeriph_Driver\src\stm32f10x_rcc.o
 .debug_abbrev  0x000006be      0x1ab Libraries\STM32F10x_StdPeriph_Driver\src\stm32f10x_spi.o
 .debug_abbrev  0x00000869      0x1f0 src\custom_init.o
 .debug_abbrev  0x00000a59      0x1f1 src\freertos\ARM_CM3\port.o
 .debug_abbrev  0x00000c4a      0x245 src\freertos\MemMang\heap_1.o
 .debug_abbrev  0x00000e8f      0x1cc src\freertos\list.o
 .debug_abbrev  0x0000105b      0x2df src\freertos\queue.o
 .debug_abbrev  0x0000133a      0x315 src\freertos\stream_buffer.o
 .debug_abbrev  0x0000164f      0x333 src\freertos\tasks.o
 .debug_abbrev  0x00001982      0x2ab src\freertos\timers.o
 .debug_abbrev  0x00001c2d      0x24a src\main.o
 .debug_abbrev  0x00001e77      0x1d1 src\myTasks\TaskMBParser.o
 .debug_abbrev  0x00002048      0x20b src\myTasks\TaskW5500.o
 .debug_abbrev  0x00002253       0x12 src\startup_stm32f10x_md.o
 .debug_abbrev  0x00002265       0x78 src\stm32f1xx_it.o
 .debug_abbrev  0x000022dd      0x16e src\system_stm32f10x.o
 .debug_abbrev  0x0000244b      0x1a8 src\utils\w5500_spi.o

.debug_aranges  0x00000000      0xac8
 .debug_aranges
                0x00000000       0x40 Libraries\STM32F10x_StdPeriph_Driver\src\misc.o
 .debug_aranges
                0x00000040       0xf8 Libraries\STM32F10x_StdPeriph_Driver\src\stm32f10x_flash.o
 .debug_aranges
                0x00000138       0xa8 Libraries\STM32F10x_StdPeriph_Driver\src\stm32f10x_gpio.o
 .debug_aranges
                0x000001e0      0x118 Libraries\STM32F10x_StdPeriph_Driver\src\stm32f10x_rcc.o
 .debug_aranges
                0x000002f8       0xd0 Libraries\STM32F10x_StdPeriph_Driver\src\stm32f10x_spi.o
 .debug_aranges
                0x000003c8       0x48 src\custom_init.o
 .debug_aranges
                0x00000410       0x78 src\freertos\ARM_CM3\port.o
 .debug_aranges
                0x00000488       0x38 src\freertos\MemMang\heap_1.o
 .debug_aranges
                0x000004c0       0x40 src\freertos\list.o
 .debug_aranges
                0x00000500       0xe8 src\freertos\queue.o
 .debug_aranges
                0x000005e8       0xc0 src\freertos\stream_buffer.o
 .debug_aranges
                0x000006a8      0x1b0 src\freertos\tasks.o
 .debug_aranges
                0x00000858       0xb8 src\freertos\timers.o
 .debug_aranges
                0x00000910       0x58 src\main.o
 .debug_aranges
                0x00000968       0x20 src\myTasks\TaskMBParser.o
 .debug_aranges
                0x00000988       0x50 src\myTasks\TaskW5500.o
 .debug_aranges
                0x000009d8       0x28 src\startup_stm32f10x_md.o
 .debug_aranges
                0x00000a00       0x40 src\stm32f1xx_it.o
 .debug_aranges
                0x00000a40       0x38 src\system_stm32f10x.o
 .debug_aranges
                0x00000a78       0x50 src\utils\w5500_spi.o

.debug_ranges   0x00000000      0x990
 .debug_ranges  0x00000000       0x30 Libraries\STM32F10x_StdPeriph_Driver\src\misc.o
 .debug_ranges  0x00000030       0xe8 Libraries\STM32F10x_StdPeriph_Driver\src\stm32f10x_flash.o
 .debug_ranges  0x00000118       0x98 Libraries\STM32F10x_StdPeriph_Driver\src\stm32f10x_gpio.o
 .debug_ranges  0x000001b0      0x108 Libraries\STM32F10x_StdPeriph_Driver\src\stm32f10x_rcc.o
 .debug_ranges  0x000002b8       0xc0 Libraries\STM32F10x_StdPeriph_Driver\src\stm32f10x_spi.o
 .debug_ranges  0x00000378       0x38 src\custom_init.o
 .debug_ranges  0x000003b0       0x68 src\freertos\ARM_CM3\port.o
 .debug_ranges  0x00000418       0x28 src\freertos\MemMang\heap_1.o
 .debug_ranges  0x00000440       0x30 src\freertos\list.o
 .debug_ranges  0x00000470       0xd8 src\freertos\queue.o
 .debug_ranges  0x00000548       0xb0 src\freertos\stream_buffer.o
 .debug_ranges  0x000005f8      0x1a0 src\freertos\tasks.o
 .debug_ranges  0x00000798       0xa8 src\freertos\timers.o
 .debug_ranges  0x00000840       0x48 src\main.o
 .debug_ranges  0x00000888       0x10 src\myTasks\TaskMBParser.o
 .debug_ranges  0x00000898       0x40 src\myTasks\TaskW5500.o
 .debug_ranges  0x000008d8       0x20 src\startup_stm32f10x_md.o
 .debug_ranges  0x000008f8       0x30 src\stm32f1xx_it.o
 .debug_ranges  0x00000928       0x28 src\system_stm32f10x.o
 .debug_ranges  0x00000950       0x40 src\utils\w5500_spi.o

.debug_line     0x00000000     0x5c56
 .debug_line    0x00000000      0x25c Libraries\STM32F10x_StdPeriph_Driver\src\misc.o
 .debug_line    0x0000025c      0x4e5 Libraries\STM32F10x_StdPeriph_Driver\src\stm32f10x_flash.o
 .debug_line    0x00000741      0x3e9 Libraries\STM32F10x_StdPeriph_Driver\src\stm32f10x_gpio.o
 .debug_line    0x00000b2a      0x4e4 Libraries\STM32F10x_StdPeriph_Driver\src\stm32f10x_rcc.o
 .debug_line    0x0000100e      0x446 Libraries\STM32F10x_StdPeriph_Driver\src\stm32f10x_spi.o
 .debug_line    0x00001454      0x29f src\custom_init.o
 .debug_line    0x000016f3      0x3a2 src\freertos\ARM_CM3\port.o
 .debug_line    0x00001a95      0x2e8 src\freertos\MemMang\heap_1.o
 .debug_line    0x00001d7d      0x33c src\freertos\list.o
 .debug_line    0x000020b9      0xb12 src\freertos\queue.o
 .debug_line    0x00002bcb      0x7e3 src\freertos\stream_buffer.o
 .debug_line    0x000033ae      0xe00 src\freertos\tasks.o
 .debug_line    0x000041ae      0x656 src\freertos\timers.o
 .debug_line    0x00004804      0x4e0 src\main.o
 .debug_line    0x00004ce4      0x3b7 src\myTasks\TaskMBParser.o
 .debug_line    0x0000509b      0x43d src\myTasks\TaskW5500.o
 .debug_line    0x000054d8       0x7c src\startup_stm32f10x_md.o
 .debug_line    0x00005554      0x1ed src\stm32f1xx_it.o
 .debug_line    0x00005741      0x24a src\system_stm32f10x.o
 .debug_line    0x0000598b      0x2cb src\utils\w5500_spi.o

.debug_str      0x00000000     0x3dd3
 .debug_str     0x00000000      0x3e0 Libraries\STM32F10x_StdPeriph_Driver\src\misc.o
                                0x42d (size before relaxing)
 .debug_str     0x000003e0      0x43a Libraries\STM32F10x_StdPeriph_Driver\src\stm32f10x_flash.o
                                0x657 (size before relaxing)
 .debug_str     0x0000081a      0x377 Libraries\STM32F10x_StdPeriph_Driver\src\stm32f10x_gpio.o
                                0x588 (size before relaxing)
 .debug_str     0x00000b91      0x442 Libraries\STM32F10x_StdPeriph_Driver\src\stm32f10x_rcc.o
                                0x689 (size before relaxing)
 .debug_str     0x00000fd3      0x3a6 Libraries\STM32F10x_StdPeriph_Driver\src\stm32f10x_spi.o
                                0x66c (size before relaxing)
 .debug_str     0x00001379      0x377 src\custom_init.o
                                0x88f (size before relaxing)
 .debug_str     0x000016f0      0x26e src\freertos\ARM_CM3\port.o
                                0x409 (size before relaxing)
 .debug_str     0x0000195e      0x4a6 src\freertos\MemMang\heap_1.o
                                0x6a1 (size before relaxing)
 .debug_str     0x00001e04      0x134 src\freertos\list.o
                                0x706 (size before relaxing)
 .debug_str     0x00001f38      0x537 src\freertos\queue.o
                                0xc37 (size before relaxing)
 .debug_str     0x0000246f      0x462 src\freertos\stream_buffer.o
                                0xb80 (size before relaxing)
 .debug_str     0x000028d1      0x9d4 src\freertos\tasks.o
                               0x1221 (size before relaxing)
 .debug_str     0x000032a5      0x419 src\freertos\timers.o
                                0xb68 (size before relaxing)
 .debug_str     0x000036be      0x320 src\main.o
                                0xa8c (size before relaxing)
 .debug_str     0x000039de       0xe3 src\myTasks\TaskMBParser.o
                                0x9b3 (size before relaxing)
 .debug_str     0x00003ac1      0x154 src\myTasks\TaskW5500.o
                                0xa55 (size before relaxing)
 .debug_str     0x00003c15       0x6f src\stm32f1xx_it.o
                                0x217 (size before relaxing)
 .debug_str     0x00003c84       0x57 src\system_stm32f10x.o
                                0x32a (size before relaxing)
 .debug_str     0x00003cdb       0xf8 src\utils\w5500_spi.o
                                0x390 (size before relaxing)

.comment        0x00000000       0x7c
 .comment       0x00000000       0x7c Libraries\STM32F10x_StdPeriph_Driver\src\misc.o
                                 0x7d (size before relaxing)
 .comment       0x0000007c       0x7d Libraries\STM32F10x_StdPeriph_Driver\src\stm32f10x_flash.o
 .comment       0x0000007c       0x7d Libraries\STM32F10x_StdPeriph_Driver\src\stm32f10x_gpio.o
 .comment       0x0000007c       0x7d Libraries\STM32F10x_StdPeriph_Driver\src\stm32f10x_rcc.o
 .comment       0x0000007c       0x7d Libraries\STM32F10x_StdPeriph_Driver\src\stm32f10x_spi.o
 .comment       0x0000007c       0x7d src\custom_init.o
 .comment       0x0000007c       0x7d src\freertos\ARM_CM3\port.o
 .comment       0x0000007c       0x7d src\freertos\MemMang\heap_1.o
 .comment       0x0000007c       0x7d src\freertos\list.o
 .comment       0x0000007c       0x7d src\freertos\queue.o
 .comment       0x0000007c       0x7d src\freertos\stream_buffer.o
 .comment       0x0000007c       0x7d src\freertos\tasks.o
 .comment       0x0000007c       0x7d src\freertos\timers.o
 .comment       0x0000007c       0x7d src\main.o
 .comment       0x0000007c       0x7d src\myTasks\TaskMBParser.o
 .comment       0x0000007c       0x7d src\myTasks\TaskW5500.o
 .comment       0x0000007c       0x7d src\stm32f1xx_it.o
 .comment       0x0000007c       0x7d src\system_stm32f10x.o
 .comment       0x0000007c       0x7d src\utils\w5500_spi.o

.debug_frame    0x00000000     0x2bb8
 .debug_frame   0x00000000       0xd8 Libraries\STM32F10x_StdPeriph_Driver\src\misc.o
 .debug_frame   0x000000d8      0x410 Libraries\STM32F10x_StdPeriph_Driver\src\stm32f10x_flash.o
 .debug_frame   0x000004e8      0x2d0 Libraries\STM32F10x_StdPeriph_Driver\src\stm32f10x_gpio.o
 .debug_frame   0x000007b8      0x4f4 Libraries\STM32F10x_StdPeriph_Driver\src\stm32f10x_rcc.o
 .debug_frame   0x00000cac      0x3a0 Libraries\STM32F10x_StdPeriph_Driver\src\stm32f10x_spi.o
 .debug_frame   0x0000104c       0xd8 src\custom_init.o
 .debug_frame   0x00001124      0x198 src\freertos\ARM_CM3\port.o
 .debug_frame   0x000012bc       0x9c src\freertos\MemMang\heap_1.o
 .debug_frame   0x00001358       0xd8 src\freertos\list.o
 .debug_frame   0x00001430      0x3cc src\freertos\queue.o
 .debug_frame   0x000017fc      0x328 src\freertos\stream_buffer.o
 .debug_frame   0x00001b24      0x748 src\freertos\tasks.o
 .debug_frame   0x0000226c      0x2f0 src\freertos\timers.o
 .debug_frame   0x0000255c      0x104 src\main.o
 .debug_frame   0x00002660       0x30 src\myTasks\TaskMBParser.o
 .debug_frame   0x00002690      0x10c src\myTasks\TaskW5500.o
 .debug_frame   0x0000279c       0x90 src\stm32f1xx_it.o
 .debug_frame   0x0000282c       0x98 src\system_stm32f10x.o
 .debug_frame   0x000028c4      0x114 src\utils\w5500_spi.o
 .debug_frame   0x000029d8       0x2c c:/program files (x86)/atollic/truestudio for stm32 9.0.0/armtools/bin/../lib/gcc/arm-atollic-eabi/6.3.1/../../../../arm-atollic-eabi/lib/armv7-m\libc_nano.a(lib_a-init.o)
 .debug_frame   0x00002a04       0x30 c:/program files (x86)/atollic/truestudio for stm32 9.0.0/armtools/bin/../lib/gcc/arm-atollic-eabi/6.3.1/../../../../arm-atollic-eabi/lib/armv7-m\libc_nano.a(lib_a-malloc.o)
 .debug_frame   0x00002a34       0x28 c:/program files (x86)/atollic/truestudio for stm32 9.0.0/armtools/bin/../lib/gcc/arm-atollic-eabi/6.3.1/../../../../arm-atollic-eabi/lib/armv7-m\libc_nano.a(lib_a-memcpy-stub.o)
 .debug_frame   0x00002a5c       0x20 c:/program files (x86)/atollic/truestudio for stm32 9.0.0/armtools/bin/../lib/gcc/arm-atollic-eabi/6.3.1/../../../../arm-atollic-eabi/lib/armv7-m\libc_nano.a(lib_a-memset.o)
 .debug_frame   0x00002a7c       0x38 c:/program files (x86)/atollic/truestudio for stm32 9.0.0/armtools/bin/../lib/gcc/arm-atollic-eabi/6.3.1/../../../../arm-atollic-eabi/lib/armv7-m\libc_nano.a(lib_a-nano-freer.o)
 .debug_frame   0x00002ab4       0x2c c:/program files (x86)/atollic/truestudio for stm32 9.0.0/armtools/bin/../lib/gcc/arm-atollic-eabi/6.3.1/../../../../arm-atollic-eabi/lib/armv7-m\libc_nano.a(lib_a-nano-mallocr.o)
 .debug_frame   0x00002ae0       0x2c c:/program files (x86)/atollic/truestudio for stm32 9.0.0/armtools/bin/../lib/gcc/arm-atollic-eabi/6.3.1/../../../../arm-atollic-eabi/lib/armv7-m\libc_nano.a(lib_a-sbrkr.o)
 .debug_frame   0x00002b0c       0x30 c:/program files (x86)/atollic/truestudio for stm32 9.0.0/armtools/bin/../lib/gcc/arm-atollic-eabi/6.3.1/../../../../arm-atollic-eabi/lib/armv7-m\libc_nano.a(lib_a-mlock.o)
 .debug_frame   0x00002b3c       0x5c c:/program files (x86)/atollic/truestudio for stm32 9.0.0/armtools/bin/../lib/gcc/arm-atollic-eabi/6.3.1/../../../../arm-atollic-eabi/lib/armv7-m\libc_nano.a(lib_a-reent.o)
 .debug_frame   0x00002b98       0x20 c:/program files (x86)/atollic/truestudio for stm32 9.0.0/armtools/bin/../lib/gcc/arm-atollic-eabi/6.3.1/../../../../arm-atollic-eabi/lib/armv7-m\libnosys.a(sbrk.o)

.stabstr        0x00000000       0x3f
 .stabstr       0x00000000       0x3f c:/program files (x86)/atollic/truestudio for stm32 9.0.0/armtools/bin/../lib/gcc/arm-atollic-eabi/6.3.1/../../../../arm-atollic-eabi/lib/armv7-m\libnosys.a(write.o)

Cross Reference Table

Symbol                                            File
ADC1_2_IRQHandler                                 src\startup_stm32f10x_md.o
ADC_AnalogWatchdogCmd                             Libraries\STM32F10x_StdPeriph_Driver\src\stm32f10x_adc.o
ADC_AnalogWatchdogSingleChannelConfig             Libraries\STM32F10x_StdPeriph_Driver\src\stm32f10x_adc.o
ADC_AnalogWatchdogThresholdsConfig                Libraries\STM32F10x_StdPeriph_Driver\src\stm32f10x_adc.o
ADC_AutoInjectedConvCmd                           Libraries\STM32F10x_StdPeriph_Driver\src\stm32f10x_adc.o
ADC_ClearFlag                                     Libraries\STM32F10x_StdPeriph_Driver\src\stm32f10x_adc.o
ADC_ClearITPendingBit                             Libraries\STM32F10x_StdPeriph_Driver\src\stm32f10x_adc.o
ADC_Cmd                                           Libraries\STM32F10x_StdPeriph_Driver\src\stm32f10x_adc.o
ADC_DMACmd                                        Libraries\STM32F10x_StdPeriph_Driver\src\stm32f10x_adc.o
ADC_DeInit                                        Libraries\STM32F10x_StdPeriph_Driver\src\stm32f10x_adc.o
ADC_DiscModeChannelCountConfig                    Libraries\STM32F10x_StdPeriph_Driver\src\stm32f10x_adc.o
ADC_DiscModeCmd                                   Libraries\STM32F10x_StdPeriph_Driver\src\stm32f10x_adc.o
ADC_ExternalTrigConvCmd                           Libraries\STM32F10x_StdPeriph_Driver\src\stm32f10x_adc.o
ADC_ExternalTrigInjectedConvCmd                   Libraries\STM32F10x_StdPeriph_Driver\src\stm32f10x_adc.o
ADC_ExternalTrigInjectedConvConfig                Libraries\STM32F10x_StdPeriph_Driver\src\stm32f10x_adc.o
ADC_GetCalibrationStatus                          Libraries\STM32F10x_StdPeriph_Driver\src\stm32f10x_adc.o
ADC_GetConversionValue                            Libraries\STM32F10x_StdPeriph_Driver\src\stm32f10x_adc.o
ADC_GetDualModeConversionValue                    Libraries\STM32F10x_StdPeriph_Driver\src\stm32f10x_adc.o
ADC_GetFlagStatus                                 Libraries\STM32F10x_StdPeriph_Driver\src\stm32f10x_adc.o
ADC_GetITStatus                                   Libraries\STM32F10x_StdPeriph_Driver\src\stm32f10x_adc.o
ADC_GetInjectedConversionValue                    Libraries\STM32F10x_StdPeriph_Driver\src\stm32f10x_adc.o
ADC_GetResetCalibrationStatus                     Libraries\STM32F10x_StdPeriph_Driver\src\stm32f10x_adc.o
ADC_GetSoftwareStartConvStatus                    Libraries\STM32F10x_StdPeriph_Driver\src\stm32f10x_adc.o
ADC_GetSoftwareStartInjectedConvCmdStatus         Libraries\STM32F10x_StdPeriph_Driver\src\stm32f10x_adc.o
ADC_ITConfig                                      Libraries\STM32F10x_StdPeriph_Driver\src\stm32f10x_adc.o
ADC_Init                                          Libraries\STM32F10x_StdPeriph_Driver\src\stm32f10x_adc.o
ADC_InjectedChannelConfig                         Libraries\STM32F10x_StdPeriph_Driver\src\stm32f10x_adc.o
ADC_InjectedDiscModeCmd                           Libraries\STM32F10x_StdPeriph_Driver\src\stm32f10x_adc.o
ADC_InjectedSequencerLengthConfig                 Libraries\STM32F10x_StdPeriph_Driver\src\stm32f10x_adc.o
ADC_RegularChannelConfig                          Libraries\STM32F10x_StdPeriph_Driver\src\stm32f10x_adc.o
ADC_ResetCalibration                              Libraries\STM32F10x_StdPeriph_Driver\src\stm32f10x_adc.o
ADC_SetInjectedOffset                             Libraries\STM32F10x_StdPeriph_Driver\src\stm32f10x_adc.o
ADC_SoftwareStartConvCmd                          Libraries\STM32F10x_StdPeriph_Driver\src\stm32f10x_adc.o
ADC_SoftwareStartInjectedConvCmd                  Libraries\STM32F10x_StdPeriph_Driver\src\stm32f10x_adc.o
ADC_StartCalibration                              Libraries\STM32F10x_StdPeriph_Driver\src\stm32f10x_adc.o
ADC_StructInit                                    Libraries\STM32F10x_StdPeriph_Driver\src\stm32f10x_adc.o
ADC_TempSensorVrefintCmd                          Libraries\STM32F10x_StdPeriph_Driver\src\stm32f10x_adc.o
AHBPrescTable                                     src\system_stm32f10x.o
BKP_ClearFlag                                     Libraries\STM32F10x_StdPeriph_Driver\src\stm32f10x_bkp.o
BKP_ClearITPendingBit                             Libraries\STM32F10x_StdPeriph_Driver\src\stm32f10x_bkp.o
BKP_DeInit                                        Libraries\STM32F10x_StdPeriph_Driver\src\stm32f10x_bkp.o
BKP_GetFlagStatus                                 Libraries\STM32F10x_StdPeriph_Driver\src\stm32f10x_bkp.o
BKP_GetITStatus                                   Libraries\STM32F10x_StdPeriph_Driver\src\stm32f10x_bkp.o
BKP_ITConfig                                      Libraries\STM32F10x_StdPeriph_Driver\src\stm32f10x_bkp.o
BKP_RTCOutputConfig                               Libraries\STM32F10x_StdPeriph_Driver\src\stm32f10x_bkp.o
BKP_ReadBackupRegister                            Libraries\STM32F10x_StdPeriph_Driver\src\stm32f10x_bkp.o
BKP_SetRTCCalibrationValue                        Libraries\STM32F10x_StdPeriph_Driver\src\stm32f10x_bkp.o
BKP_TamperPinCmd                                  Libraries\STM32F10x_StdPeriph_Driver\src\stm32f10x_bkp.o
BKP_TamperPinLevelConfig                          Libraries\STM32F10x_StdPeriph_Driver\src\stm32f10x_bkp.o
BKP_WriteBackupRegister                           Libraries\STM32F10x_StdPeriph_Driver\src\stm32f10x_bkp.o
BusFault_Handler                                  src\stm32f1xx_it.o
                                                  src\startup_stm32f10x_md.o
CAN1_RX1_IRQHandler                               src\startup_stm32f10x_md.o
CAN1_SCE_IRQHandler                               src\startup_stm32f10x_md.o
CAN_CancelTransmit                                Libraries\STM32F10x_StdPeriph_Driver\src\stm32f10x_can.o
CAN_ClearFlag                                     Libraries\STM32F10x_StdPeriph_Driver\src\stm32f10x_can.o
CAN_ClearITPendingBit                             Libraries\STM32F10x_StdPeriph_Driver\src\stm32f10x_can.o
CAN_DBGFreeze                                     Libraries\STM32F10x_StdPeriph_Driver\src\stm32f10x_can.o
CAN_DeInit                                        Libraries\STM32F10x_StdPeriph_Driver\src\stm32f10x_can.o
CAN_FIFORelease                                   Libraries\STM32F10x_StdPeriph_Driver\src\stm32f10x_can.o
CAN_FilterInit                                    Libraries\STM32F10x_StdPeriph_Driver\src\stm32f10x_can.o
CAN_GetFlagStatus                                 Libraries\STM32F10x_StdPeriph_Driver\src\stm32f10x_can.o
CAN_GetITStatus                                   Libraries\STM32F10x_StdPeriph_Driver\src\stm32f10x_can.o
CAN_GetLSBTransmitErrorCounter                    Libraries\STM32F10x_StdPeriph_Driver\src\stm32f10x_can.o
CAN_GetLastErrorCode                              Libraries\STM32F10x_StdPeriph_Driver\src\stm32f10x_can.o
CAN_GetReceiveErrorCounter                        Libraries\STM32F10x_StdPeriph_Driver\src\stm32f10x_can.o
CAN_ITConfig                                      Libraries\STM32F10x_StdPeriph_Driver\src\stm32f10x_can.o
CAN_Init                                          Libraries\STM32F10x_StdPeriph_Driver\src\stm32f10x_can.o
CAN_MessagePending                                Libraries\STM32F10x_StdPeriph_Driver\src\stm32f10x_can.o
CAN_OperatingModeRequest                          Libraries\STM32F10x_StdPeriph_Driver\src\stm32f10x_can.o
CAN_Receive                                       Libraries\STM32F10x_StdPeriph_Driver\src\stm32f10x_can.o
CAN_SlaveStartBank                                Libraries\STM32F10x_StdPeriph_Driver\src\stm32f10x_can.o
CAN_Sleep                                         Libraries\STM32F10x_StdPeriph_Driver\src\stm32f10x_can.o
CAN_StructInit                                    Libraries\STM32F10x_StdPeriph_Driver\src\stm32f10x_can.o
CAN_TTComModeCmd                                  Libraries\STM32F10x_StdPeriph_Driver\src\stm32f10x_can.o
CAN_Transmit                                      Libraries\STM32F10x_StdPeriph_Driver\src\stm32f10x_can.o
CAN_TransmitStatus                                Libraries\STM32F10x_StdPeriph_Driver\src\stm32f10x_can.o
CAN_WakeUp                                        Libraries\STM32F10x_StdPeriph_Driver\src\stm32f10x_can.o
CEC_ClearFlag                                     Libraries\STM32F10x_StdPeriph_Driver\src\stm32f10x_cec.o
CEC_ClearITPendingBit                             Libraries\STM32F10x_StdPeriph_Driver\src\stm32f10x_cec.o
CEC_Cmd                                           Libraries\STM32F10x_StdPeriph_Driver\src\stm32f10x_cec.o
CEC_DeInit                                        Libraries\STM32F10x_StdPeriph_Driver\src\stm32f10x_cec.o
CEC_EndOfMessageCmd                               Libraries\STM32F10x_StdPeriph_Driver\src\stm32f10x_cec.o
CEC_GetFlagStatus                                 Libraries\STM32F10x_StdPeriph_Driver\src\stm32f10x_cec.o
CEC_GetITStatus                                   Libraries\STM32F10x_StdPeriph_Driver\src\stm32f10x_cec.o
CEC_ITConfig                                      Libraries\STM32F10x_StdPeriph_Driver\src\stm32f10x_cec.o
CEC_Init                                          Libraries\STM32F10x_StdPeriph_Driver\src\stm32f10x_cec.o
CEC_OwnAddressConfig                              Libraries\STM32F10x_StdPeriph_Driver\src\stm32f10x_cec.o
CEC_ReceiveDataByte                               Libraries\STM32F10x_StdPeriph_Driver\src\stm32f10x_cec.o
CEC_SendDataByte                                  Libraries\STM32F10x_StdPeriph_Driver\src\stm32f10x_cec.o
CEC_SetPrescaler                                  Libraries\STM32F10x_StdPeriph_Driver\src\stm32f10x_cec.o
CEC_StartOfMessage                                Libraries\STM32F10x_StdPeriph_Driver\src\stm32f10x_cec.o
CRC_CalcBlockCRC                                  Libraries\STM32F10x_StdPeriph_Driver\src\stm32f10x_crc.o
CRC_CalcCRC                                       Libraries\STM32F10x_StdPeriph_Driver\src\stm32f10x_crc.o
CRC_GetCRC                                        Libraries\STM32F10x_StdPeriph_Driver\src\stm32f10x_crc.o
CRC_GetIDRegister                                 Libraries\STM32F10x_StdPeriph_Driver\src\stm32f10x_crc.o
CRC_ResetDR                                       Libraries\STM32F10x_StdPeriph_Driver\src\stm32f10x_crc.o
CRC_SetIDRegister                                 Libraries\STM32F10x_StdPeriph_Driver\src\stm32f10x_crc.o
CustomClockConfigHSI64                            src\custom_init.o
CustomGPIOConfig                                  src\custom_init.o
CustomInit                                        src\custom_init.o
                                                  src\main.o
CustomSPIConfig                                   src\custom_init.o
DAC_Cmd                                           Libraries\STM32F10x_StdPeriph_Driver\src\stm32f10x_dac.o
DAC_DMACmd                                        Libraries\STM32F10x_StdPeriph_Driver\src\stm32f10x_dac.o
DAC_DeInit                                        Libraries\STM32F10x_StdPeriph_Driver\src\stm32f10x_dac.o
DAC_DualSoftwareTriggerCmd                        Libraries\STM32F10x_StdPeriph_Driver\src\stm32f10x_dac.o
DAC_GetDataOutputValue                            Libraries\STM32F10x_StdPeriph_Driver\src\stm32f10x_dac.o
DAC_Init                                          Libraries\STM32F10x_StdPeriph_Driver\src\stm32f10x_dac.o
DAC_SetChannel1Data                               Libraries\STM32F10x_StdPeriph_Driver\src\stm32f10x_dac.o
DAC_SetChannel2Data                               Libraries\STM32F10x_StdPeriph_Driver\src\stm32f10x_dac.o
DAC_SetDualChannelData                            Libraries\STM32F10x_StdPeriph_Driver\src\stm32f10x_dac.o
DAC_SoftwareTriggerCmd                            Libraries\STM32F10x_StdPeriph_Driver\src\stm32f10x_dac.o
DAC_StructInit                                    Libraries\STM32F10x_StdPeriph_Driver\src\stm32f10x_dac.o
DAC_WaveGenerationCmd                             Libraries\STM32F10x_StdPeriph_Driver\src\stm32f10x_dac.o
DBGMCU_Config                                     Libraries\STM32F10x_StdPeriph_Driver\src\stm32f10x_dbgmcu.o
DBGMCU_GetDEVID                                   Libraries\STM32F10x_StdPeriph_Driver\src\stm32f10x_dbgmcu.o
DBGMCU_GetREVID                                   Libraries\STM32F10x_StdPeriph_Driver\src\stm32f10x_dbgmcu.o
DMA1_Channel1_IRQHandler                          src\startup_stm32f10x_md.o
DMA1_Channel2_IRQHandler                          src\startup_stm32f10x_md.o
DMA1_Channel3_IRQHandler                          src\startup_stm32f10x_md.o
DMA1_Channel4_IRQHandler                          src\startup_stm32f10x_md.o
DMA1_Channel5_IRQHandler                          src\startup_stm32f10x_md.o
DMA1_Channel6_IRQHandler                          src\startup_stm32f10x_md.o
DMA1_Channel7_IRQHandler                          src\startup_stm32f10x_md.o
DMA_ClearFlag                                     Libraries\STM32F10x_StdPeriph_Driver\src\stm32f10x_dma.o
DMA_ClearITPendingBit                             Libraries\STM32F10x_StdPeriph_Driver\src\stm32f10x_dma.o
DMA_Cmd                                           Libraries\STM32F10x_StdPeriph_Driver\src\stm32f10x_dma.o
DMA_DeInit                                        Libraries\STM32F10x_StdPeriph_Driver\src\stm32f10x_dma.o
DMA_GetCurrDataCounter                            Libraries\STM32F10x_StdPeriph_Driver\src\stm32f10x_dma.o
DMA_GetFlagStatus                                 Libraries\STM32F10x_StdPeriph_Driver\src\stm32f10x_dma.o
DMA_GetITStatus                                   Libraries\STM32F10x_StdPeriph_Driver\src\stm32f10x_dma.o
DMA_ITConfig                                      Libraries\STM32F10x_StdPeriph_Driver\src\stm32f10x_dma.o
DMA_Init                                          Libraries\STM32F10x_StdPeriph_Driver\src\stm32f10x_dma.o
DMA_SetCurrDataCounter                            Libraries\STM32F10x_StdPeriph_Driver\src\stm32f10x_dma.o
DMA_StructInit                                    Libraries\STM32F10x_StdPeriph_Driver\src\stm32f10x_dma.o
DebugMon_Handler                                  src\stm32f1xx_it.o
                                                  src\startup_stm32f10x_md.o
Default_Handler                                   src\startup_stm32f10x_md.o
EXTI0_IRQHandler                                  src\startup_stm32f10x_md.o
EXTI15_10_IRQHandler                              src\startup_stm32f10x_md.o
EXTI1_IRQHandler                                  src\startup_stm32f10x_md.o
EXTI2_IRQHandler                                  src\startup_stm32f10x_md.o
EXTI3_IRQHandler                                  src\startup_stm32f10x_md.o
EXTI4_IRQHandler                                  src\startup_stm32f10x_md.o
EXTI9_5_IRQHandler                                src\startup_stm32f10x_md.o
EXTI_ClearFlag                                    Libraries\STM32F10x_StdPeriph_Driver\src\stm32f10x_exti.o
EXTI_ClearITPendingBit                            Libraries\STM32F10x_StdPeriph_Driver\src\stm32f10x_exti.o
EXTI_DeInit                                       Libraries\STM32F10x_StdPeriph_Driver\src\stm32f10x_exti.o
EXTI_GenerateSWInterrupt                          Libraries\STM32F10x_StdPeriph_Driver\src\stm32f10x_exti.o
EXTI_GetFlagStatus                                Libraries\STM32F10x_StdPeriph_Driver\src\stm32f10x_exti.o
EXTI_GetITStatus                                  Libraries\STM32F10x_StdPeriph_Driver\src\stm32f10x_exti.o
EXTI_Init                                         Libraries\STM32F10x_StdPeriph_Driver\src\stm32f10x_exti.o
EXTI_StructInit                                   Libraries\STM32F10x_StdPeriph_Driver\src\stm32f10x_exti.o
FLASH_ClearFlag                                   Libraries\STM32F10x_StdPeriph_Driver\src\stm32f10x_flash.o
FLASH_EnableWriteProtection                       Libraries\STM32F10x_StdPeriph_Driver\src\stm32f10x_flash.o
FLASH_EraseAllBank1Pages                          Libraries\STM32F10x_StdPeriph_Driver\src\stm32f10x_flash.o
FLASH_EraseAllPages                               Libraries\STM32F10x_StdPeriph_Driver\src\stm32f10x_flash.o
FLASH_EraseOptionBytes                            Libraries\STM32F10x_StdPeriph_Driver\src\stm32f10x_flash.o
FLASH_ErasePage                                   Libraries\STM32F10x_StdPeriph_Driver\src\stm32f10x_flash.o
FLASH_GetBank1Status                              Libraries\STM32F10x_StdPeriph_Driver\src\stm32f10x_flash.o
FLASH_GetFlagStatus                               Libraries\STM32F10x_StdPeriph_Driver\src\stm32f10x_flash.o
FLASH_GetPrefetchBufferStatus                     Libraries\STM32F10x_StdPeriph_Driver\src\stm32f10x_flash.o
FLASH_GetReadOutProtectionStatus                  Libraries\STM32F10x_StdPeriph_Driver\src\stm32f10x_flash.o
FLASH_GetStatus                                   Libraries\STM32F10x_StdPeriph_Driver\src\stm32f10x_flash.o
FLASH_GetUserOptionByte                           Libraries\STM32F10x_StdPeriph_Driver\src\stm32f10x_flash.o
FLASH_GetWriteProtectionOptionByte                Libraries\STM32F10x_StdPeriph_Driver\src\stm32f10x_flash.o
FLASH_HalfCycleAccessCmd                          Libraries\STM32F10x_StdPeriph_Driver\src\stm32f10x_flash.o
FLASH_IRQHandler                                  src\startup_stm32f10x_md.o
FLASH_ITConfig                                    Libraries\STM32F10x_StdPeriph_Driver\src\stm32f10x_flash.o
FLASH_Lock                                        Libraries\STM32F10x_StdPeriph_Driver\src\stm32f10x_flash.o
FLASH_LockBank1                                   Libraries\STM32F10x_StdPeriph_Driver\src\stm32f10x_flash.o
FLASH_PrefetchBufferCmd                           Libraries\STM32F10x_StdPeriph_Driver\src\stm32f10x_flash.o
FLASH_ProgramHalfWord                             Libraries\STM32F10x_StdPeriph_Driver\src\stm32f10x_flash.o
FLASH_ProgramOptionByteData                       Libraries\STM32F10x_StdPeriph_Driver\src\stm32f10x_flash.o
FLASH_ProgramWord                                 Libraries\STM32F10x_StdPeriph_Driver\src\stm32f10x_flash.o
FLASH_ReadOutProtection                           Libraries\STM32F10x_StdPeriph_Driver\src\stm32f10x_flash.o
FLASH_SetLatency                                  Libraries\STM32F10x_StdPeriph_Driver\src\stm32f10x_flash.o
                                                  src\custom_init.o
FLASH_Unlock                                      Libraries\STM32F10x_StdPeriph_Driver\src\stm32f10x_flash.o
FLASH_UnlockBank1                                 Libraries\STM32F10x_StdPeriph_Driver\src\stm32f10x_flash.o
FLASH_UserOptionByteConfig                        Libraries\STM32F10x_StdPeriph_Driver\src\stm32f10x_flash.o
FLASH_WaitForLastBank1Operation                   Libraries\STM32F10x_StdPeriph_Driver\src\stm32f10x_flash.o
FLASH_WaitForLastOperation                        Libraries\STM32F10x_StdPeriph_Driver\src\stm32f10x_flash.o
FSMC_ClearFlag                                    Libraries\STM32F10x_StdPeriph_Driver\src\stm32f10x_fsmc.o
FSMC_ClearITPendingBit                            Libraries\STM32F10x_StdPeriph_Driver\src\stm32f10x_fsmc.o
FSMC_GetECC                                       Libraries\STM32F10x_StdPeriph_Driver\src\stm32f10x_fsmc.o
FSMC_GetFlagStatus                                Libraries\STM32F10x_StdPeriph_Driver\src\stm32f10x_fsmc.o
FSMC_GetITStatus                                  Libraries\STM32F10x_StdPeriph_Driver\src\stm32f10x_fsmc.o
FSMC_ITConfig                                     Libraries\STM32F10x_StdPeriph_Driver\src\stm32f10x_fsmc.o
FSMC_NANDCmd                                      Libraries\STM32F10x_StdPeriph_Driver\src\stm32f10x_fsmc.o
FSMC_NANDDeInit                                   Libraries\STM32F10x_StdPeriph_Driver\src\stm32f10x_fsmc.o
FSMC_NANDECCCmd                                   Libraries\STM32F10x_StdPeriph_Driver\src\stm32f10x_fsmc.o
FSMC_NANDInit                                     Libraries\STM32F10x_StdPeriph_Driver\src\stm32f10x_fsmc.o
FSMC_NANDStructInit                               Libraries\STM32F10x_StdPeriph_Driver\src\stm32f10x_fsmc.o
FSMC_NORSRAMCmd                                   Libraries\STM32F10x_StdPeriph_Driver\src\stm32f10x_fsmc.o
FSMC_NORSRAMDeInit                                Libraries\STM32F10x_StdPeriph_Driver\src\stm32f10x_fsmc.o
FSMC_NORSRAMInit                                  Libraries\STM32F10x_StdPeriph_Driver\src\stm32f10x_fsmc.o
FSMC_NORSRAMStructInit                            Libraries\STM32F10x_StdPeriph_Driver\src\stm32f10x_fsmc.o
FSMC_PCCARDCmd                                    Libraries\STM32F10x_StdPeriph_Driver\src\stm32f10x_fsmc.o
FSMC_PCCARDDeInit                                 Libraries\STM32F10x_StdPeriph_Driver\src\stm32f10x_fsmc.o
FSMC_PCCARDInit                                   Libraries\STM32F10x_StdPeriph_Driver\src\stm32f10x_fsmc.o
FSMC_PCCARDStructInit                             Libraries\STM32F10x_StdPeriph_Driver\src\stm32f10x_fsmc.o
GPIO_AFIODeInit                                   Libraries\STM32F10x_StdPeriph_Driver\src\stm32f10x_gpio.o
GPIO_DeInit                                       Libraries\STM32F10x_StdPeriph_Driver\src\stm32f10x_gpio.o
GPIO_ETH_MediaInterfaceConfig                     Libraries\STM32F10x_StdPeriph_Driver\src\stm32f10x_gpio.o
GPIO_EXTILineConfig                               Libraries\STM32F10x_StdPeriph_Driver\src\stm32f10x_gpio.o
GPIO_EventOutputCmd                               Libraries\STM32F10x_StdPeriph_Driver\src\stm32f10x_gpio.o
GPIO_EventOutputConfig                            Libraries\STM32F10x_StdPeriph_Driver\src\stm32f10x_gpio.o
GPIO_Init                                         Libraries\STM32F10x_StdPeriph_Driver\src\stm32f10x_gpio.o
                                                  src\custom_init.o
GPIO_PinLockConfig                                Libraries\STM32F10x_StdPeriph_Driver\src\stm32f10x_gpio.o
GPIO_PinRemapConfig                               Libraries\STM32F10x_StdPeriph_Driver\src\stm32f10x_gpio.o
GPIO_ReadInputData                                Libraries\STM32F10x_StdPeriph_Driver\src\stm32f10x_gpio.o
GPIO_ReadInputDataBit                             Libraries\STM32F10x_StdPeriph_Driver\src\stm32f10x_gpio.o
GPIO_ReadOutputData                               Libraries\STM32F10x_StdPeriph_Driver\src\stm32f10x_gpio.o
GPIO_ReadOutputDataBit                            Libraries\STM32F10x_StdPeriph_Driver\src\stm32f10x_gpio.o
GPIO_ResetBits                                    Libraries\STM32F10x_StdPeriph_Driver\src\stm32f10x_gpio.o
                                                  src\utils\w5500_spi.o
                                                  src\myTasks\TaskW5500.o
                                                  src\main.o
GPIO_SetBits                                      Libraries\STM32F10x_StdPeriph_Driver\src\stm32f10x_gpio.o
                                                  src\utils\w5500_spi.o
                                                  src\myTasks\TaskW5500.o
                                                  src\main.o
                                                  src\custom_init.o
GPIO_StructInit                                   Libraries\STM32F10x_StdPeriph_Driver\src\stm32f10x_gpio.o
GPIO_Write                                        Libraries\STM32F10x_StdPeriph_Driver\src\stm32f10x_gpio.o
GPIO_WriteBit                                     Libraries\STM32F10x_StdPeriph_Driver\src\stm32f10x_gpio.o
HardFault_Handler                                 src\stm32f1xx_it.o
                                                  src\startup_stm32f10x_md.o
I2C1_ER_IRQHandler                                src\startup_stm32f10x_md.o
I2C1_EV_IRQHandler                                src\startup_stm32f10x_md.o
I2C2_ER_IRQHandler                                src\startup_stm32f10x_md.o
I2C2_EV_IRQHandler                                src\startup_stm32f10x_md.o
I2C_ARPCmd                                        Libraries\STM32F10x_StdPeriph_Driver\src\stm32f10x_i2c.o
I2C_AcknowledgeConfig                             Libraries\STM32F10x_StdPeriph_Driver\src\stm32f10x_i2c.o
I2C_CalculatePEC                                  Libraries\STM32F10x_StdPeriph_Driver\src\stm32f10x_i2c.o
I2C_CheckEvent                                    Libraries\STM32F10x_StdPeriph_Driver\src\stm32f10x_i2c.o
I2C_ClearFlag                                     Libraries\STM32F10x_StdPeriph_Driver\src\stm32f10x_i2c.o
I2C_ClearITPendingBit                             Libraries\STM32F10x_StdPeriph_Driver\src\stm32f10x_i2c.o
I2C_Cmd                                           Libraries\STM32F10x_StdPeriph_Driver\src\stm32f10x_i2c.o
I2C_DMACmd                                        Libraries\STM32F10x_StdPeriph_Driver\src\stm32f10x_i2c.o
I2C_DMALastTransferCmd                            Libraries\STM32F10x_StdPeriph_Driver\src\stm32f10x_i2c.o
I2C_DeInit                                        Libraries\STM32F10x_StdPeriph_Driver\src\stm32f10x_i2c.o
I2C_DualAddressCmd                                Libraries\STM32F10x_StdPeriph_Driver\src\stm32f10x_i2c.o
I2C_FastModeDutyCycleConfig                       Libraries\STM32F10x_StdPeriph_Driver\src\stm32f10x_i2c.o
I2C_GeneralCallCmd                                Libraries\STM32F10x_StdPeriph_Driver\src\stm32f10x_i2c.o
I2C_GenerateSTART                                 Libraries\STM32F10x_StdPeriph_Driver\src\stm32f10x_i2c.o
I2C_GenerateSTOP                                  Libraries\STM32F10x_StdPeriph_Driver\src\stm32f10x_i2c.o
I2C_GetFlagStatus                                 Libraries\STM32F10x_StdPeriph_Driver\src\stm32f10x_i2c.o
I2C_GetITStatus                                   Libraries\STM32F10x_StdPeriph_Driver\src\stm32f10x_i2c.o
I2C_GetLastEvent                                  Libraries\STM32F10x_StdPeriph_Driver\src\stm32f10x_i2c.o
I2C_GetPEC                                        Libraries\STM32F10x_StdPeriph_Driver\src\stm32f10x_i2c.o
I2C_ITConfig                                      Libraries\STM32F10x_StdPeriph_Driver\src\stm32f10x_i2c.o
I2C_Init                                          Libraries\STM32F10x_StdPeriph_Driver\src\stm32f10x_i2c.o
I2C_NACKPositionConfig                            Libraries\STM32F10x_StdPeriph_Driver\src\stm32f10x_i2c.o
I2C_OwnAddress2Config                             Libraries\STM32F10x_StdPeriph_Driver\src\stm32f10x_i2c.o
I2C_PECPositionConfig                             Libraries\STM32F10x_StdPeriph_Driver\src\stm32f10x_i2c.o
I2C_ReadRegister                                  Libraries\STM32F10x_StdPeriph_Driver\src\stm32f10x_i2c.o
I2C_ReceiveData                                   Libraries\STM32F10x_StdPeriph_Driver\src\stm32f10x_i2c.o
I2C_SMBusAlertConfig                              Libraries\STM32F10x_StdPeriph_Driver\src\stm32f10x_i2c.o
I2C_Send7bitAddress                               Libraries\STM32F10x_StdPeriph_Driver\src\stm32f10x_i2c.o
I2C_SendData                                      Libraries\STM32F10x_StdPeriph_Driver\src\stm32f10x_i2c.o
I2C_SoftwareResetCmd                              Libraries\STM32F10x_StdPeriph_Driver\src\stm32f10x_i2c.o
I2C_StretchClockCmd                               Libraries\STM32F10x_StdPeriph_Driver\src\stm32f10x_i2c.o
I2C_StructInit                                    Libraries\STM32F10x_StdPeriph_Driver\src\stm32f10x_i2c.o
I2C_TransmitPEC                                   Libraries\STM32F10x_StdPeriph_Driver\src\stm32f10x_i2c.o
I2S_Cmd                                           Libraries\STM32F10x_StdPeriph_Driver\src\stm32f10x_spi.o
I2S_Init                                          Libraries\STM32F10x_StdPeriph_Driver\src\stm32f10x_spi.o
I2S_StructInit                                    Libraries\STM32F10x_StdPeriph_Driver\src\stm32f10x_spi.o
IWDG_Enable                                       Libraries\STM32F10x_StdPeriph_Driver\src\stm32f10x_iwdg.o
IWDG_GetFlagStatus                                Libraries\STM32F10x_StdPeriph_Driver\src\stm32f10x_iwdg.o
IWDG_ReloadCounter                                Libraries\STM32F10x_StdPeriph_Driver\src\stm32f10x_iwdg.o
IWDG_SetPrescaler                                 Libraries\STM32F10x_StdPeriph_Driver\src\stm32f10x_iwdg.o
IWDG_SetReload                                    Libraries\STM32F10x_StdPeriph_Driver\src\stm32f10x_iwdg.o
IWDG_WriteAccessCmd                               Libraries\STM32F10x_StdPeriph_Driver\src\stm32f10x_iwdg.o
MemManage_Handler                                 src\stm32f1xx_it.o
                                                  src\startup_stm32f10x_md.o
NMI_Handler                                       src\startup_stm32f10x_md.o
NVIC_Init                                         Libraries\STM32F10x_StdPeriph_Driver\src\misc.o
NVIC_PriorityGroupConfig                          Libraries\STM32F10x_StdPeriph_Driver\src\misc.o
                                                  src\main.o
NVIC_SetVectorTable                               Libraries\STM32F10x_StdPeriph_Driver\src\misc.o
NVIC_SystemLPConfig                               Libraries\STM32F10x_StdPeriph_Driver\src\misc.o
PVD_IRQHandler                                    src\startup_stm32f10x_md.o
PWR_BackupAccessCmd                               Libraries\STM32F10x_StdPeriph_Driver\src\stm32f10x_pwr.o
PWR_ClearFlag                                     Libraries\STM32F10x_StdPeriph_Driver\src\stm32f10x_pwr.o
PWR_DeInit                                        Libraries\STM32F10x_StdPeriph_Driver\src\stm32f10x_pwr.o
PWR_EnterSTANDBYMode                              Libraries\STM32F10x_StdPeriph_Driver\src\stm32f10x_pwr.o
PWR_EnterSTOPMode                                 Libraries\STM32F10x_StdPeriph_Driver\src\stm32f10x_pwr.o
PWR_GetFlagStatus                                 Libraries\STM32F10x_StdPeriph_Driver\src\stm32f10x_pwr.o
PWR_PVDCmd                                        Libraries\STM32F10x_StdPeriph_Driver\src\stm32f10x_pwr.o
PWR_PVDLevelConfig                                Libraries\STM32F10x_StdPeriph_Driver\src\stm32f10x_pwr.o
PWR_WakeUpPinCmd                                  Libraries\STM32F10x_StdPeriph_Driver\src\stm32f10x_pwr.o
PendSV_Handler                                    src\freertos\ARM_CM3\port.o
RCC_ADCCLKConfig                                  Libraries\STM32F10x_StdPeriph_Driver\src\stm32f10x_rcc.o
RCC_AHBPeriphClockCmd                             Libraries\STM32F10x_StdPeriph_Driver\src\stm32f10x_rcc.o
RCC_APB1PeriphClockCmd                            Libraries\STM32F10x_StdPeriph_Driver\src\stm32f10x_rcc.o
RCC_APB1PeriphResetCmd                            Libraries\STM32F10x_StdPeriph_Driver\src\stm32f10x_rcc.o
                                                  Libraries\STM32F10x_StdPeriph_Driver\src\stm32f10x_wwdg.o
                                                  Libraries\STM32F10x_StdPeriph_Driver\src\stm32f10x_usart.o
                                                  Libraries\STM32F10x_StdPeriph_Driver\src\stm32f10x_tim.o
                                                  Libraries\STM32F10x_StdPeriph_Driver\src\stm32f10x_spi.o
                                                  Libraries\STM32F10x_StdPeriph_Driver\src\stm32f10x_pwr.o
                                                  Libraries\STM32F10x_StdPeriph_Driver\src\stm32f10x_i2c.o
                                                  Libraries\STM32F10x_StdPeriph_Driver\src\stm32f10x_dac.o
                                                  Libraries\STM32F10x_StdPeriph_Driver\src\stm32f10x_cec.o
                                                  Libraries\STM32F10x_StdPeriph_Driver\src\stm32f10x_can.o
RCC_APB2PeriphClockCmd                            Libraries\STM32F10x_StdPeriph_Driver\src\stm32f10x_rcc.o
                                                  src\custom_init.o
RCC_APB2PeriphResetCmd                            Libraries\STM32F10x_StdPeriph_Driver\src\stm32f10x_rcc.o
                                                  Libraries\STM32F10x_StdPeriph_Driver\src\stm32f10x_usart.o
                                                  Libraries\STM32F10x_StdPeriph_Driver\src\stm32f10x_tim.o
                                                  Libraries\STM32F10x_StdPeriph_Driver\src\stm32f10x_spi.o
                                                  Libraries\STM32F10x_StdPeriph_Driver\src\stm32f10x_gpio.o
                                                  Libraries\STM32F10x_StdPeriph_Driver\src\stm32f10x_adc.o
RCC_AdjustHSICalibrationValue                     Libraries\STM32F10x_StdPeriph_Driver\src\stm32f10x_rcc.o
RCC_BackupResetCmd                                Libraries\STM32F10x_StdPeriph_Driver\src\stm32f10x_rcc.o
                                                  Libraries\STM32F10x_StdPeriph_Driver\src\stm32f10x_bkp.o
RCC_ClearFlag                                     Libraries\STM32F10x_StdPeriph_Driver\src\stm32f10x_rcc.o
RCC_ClearITPendingBit                             Libraries\STM32F10x_StdPeriph_Driver\src\stm32f10x_rcc.o
RCC_ClockSecuritySystemCmd                        Libraries\STM32F10x_StdPeriph_Driver\src\stm32f10x_rcc.o
RCC_DeInit                                        Libraries\STM32F10x_StdPeriph_Driver\src\stm32f10x_rcc.o
                                                  src\custom_init.o
RCC_GetClocksFreq                                 Libraries\STM32F10x_StdPeriph_Driver\src\stm32f10x_rcc.o
                                                  src\main.o
                                                  Libraries\STM32F10x_StdPeriph_Driver\src\stm32f10x_usart.o
                                                  Libraries\STM32F10x_StdPeriph_Driver\src\stm32f10x_spi.o
                                                  Libraries\STM32F10x_StdPeriph_Driver\src\stm32f10x_i2c.o
RCC_GetFlagStatus                                 Libraries\STM32F10x_StdPeriph_Driver\src\stm32f10x_rcc.o
RCC_GetITStatus                                   Libraries\STM32F10x_StdPeriph_Driver\src\stm32f10x_rcc.o
RCC_GetSYSCLKSource                               Libraries\STM32F10x_StdPeriph_Driver\src\stm32f10x_rcc.o