w5500_spi.c:12:6:W5500_ReadRegisters	48	static
w5500_spi.c:74:9:W5500_ReadByte	24	static
w5500_spi.c:80:10:W5500_ReadWord	24	static
w5500_spi.c:88:6:W5500_WriteRegisters	40	static
w5500_spi.c:129:6:W5500_WriteByte	16	static
w5500_spi.c:133:6:W5500_WriteWord	24	static
w5500_spi.c:138:6:W5500_SerializeHeader	24	static
w5500_spi.c:145:6:W5500_IF_Select	8	static
w5500_spi.c:149:6:W5500_IF_DeSelect	8	static
w5500_spi.c:155:9:W5500_IF_ReadByte	8	static
w5500_spi.c:163:6:W5500_IF_WriteByte	16	static
w5500_spi.c:169:6:W5500_IF_ReadBurst	24	static
w5500_spi.c:187:6:W5500_IF_WriteBurst	16	static
